Microchip MPLAB XC8 Compiler V2.32

Linker command line:

-W-3 --edf=/Applications/microchip/xc8/v2.32/pic/dat/en_msgs.txt -cn \
  -h+dist/default/debug/test_nano.debug.sym \
  --cmf=dist/default/debug/test_nano.debug.cmf -z -Q16F15244 \
  -o/tmp/xc7N8LAeU --defsym=__MPLAB_BUILD=1 \
  -Mdist/default/debug/test_nano.debug.map -E1 -ver=XC8 Compiler \
  --acfsm=1493 -ASTACK=0204Bh-021EFh -pstack=STACK -ACODE=00h-07FFhx2 \
  -ASTRCODE=00h-0FFFh -ASTRING=00h-0FFhx16 -ACONST=00h-0FFhx16 \
  -AENTRY=00h-0FFhx16 -ACOMMON=070h-07Fh -ABANK0=020h-06Fh \
  -ABANK1=0A0h-0EFh -ABANK2=0120h-016Fh -ABANK3=01A0h-01EFh \
  -ABANK4=0220h-026Fh -ABANK5=02A0h-02EFh -ABANK6=0320h-032Fh \
  -ABIGRAM=02000h-021EFh \
  -ARAM=020h-06Fh,0A0h-0EFh,0120h-016Fh,01A0h-01EFh,0220h-026Fh,02A0h-02EFh,0320h-032Fh \
  -AABS1=020h-07Fh,0A0h-0EFh,0120h-016Fh,01A0h-01EFh,0220h-026Fh,02A0h-02EFh,0320h-032Fh \
  -ASFR0=00h-01Fh -ASFR1=080h-09Fh -ASFR2=0100h-011Fh -ASFR3=0180h-019Fh \
  -ASFR4=0200h-021Fh -ASFR5=0280h-029Fh -ASFR6=0300h-031Fh \
  -ASFR7=0380h-03EFh -ASFR8=0400h-046Fh -ASFR9=0480h-04EFh \
  -ASFR10=0500h-056Fh -ASFR11=0580h-05EFh -ASFR12=0600h-066Fh \
  -ASFR13=0680h-06EFh -ASFR14=0700h-076Fh -ASFR15=0780h-07EFh \
  -ASFR16=0800h-086Fh -ASFR17=0880h-08EFh -ASFR18=0900h-096Fh \
  -ASFR19=0980h-09EFh -ASFR20=0A00h-0A6Fh -ASFR21=0A80h-0AEFh \
  -ASFR22=0B00h-0B6Fh -ASFR23=0B80h-0BEFh -ASFR24=0C00h-0C6Fh \
  -ASFR25=0C80h-0CEFh -ASFR26=0D00h-0D6Fh -ASFR27=0D80h-0DEFh \
  -ASFR28=0E00h-0E6Fh -ASFR29=0E80h-0EEFh -ASFR30=0F00h-0F6Fh \
  -ASFR31=0F80h-0FEFh -ASFR32=01000h-0106Fh -ASFR33=01080h-010EFh \
  -ASFR34=01100h-0116Fh -ASFR35=01180h-011EFh -ASFR36=01200h-0126Fh \
  -ASFR37=01280h-012EFh -ASFR38=01300h-0136Fh -ASFR39=01380h-013EFh \
  -ASFR40=01400h-0146Fh -ASFR41=01480h-014EFh -ASFR42=01500h-0156Fh \
  -ASFR43=01580h-015EFh -ASFR44=01600h-0166Fh -ASFR45=01680h-016EFh \
  -ASFR46=01700h-0176Fh -ASFR47=01780h-017EFh -ASFR48=01800h-0186Fh \
  -ASFR49=01880h-018EFh -ASFR50=01900h-0196Fh -ASFR51=01980h-019EFh \
  -ASFR52=01A00h-01A6Fh -ASFR53=01A80h-01AEFh -ASFR54=01B00h-01B6Fh \
  -ASFR55=01B80h-01BEFh -ASFR56=01C00h-01C6Fh -ASFR57=01C80h-01CEFh \
  -ASFR58=01D00h-01D6Fh -ASFR59=01D80h-01DEFh -ASFR60=01E00h-01E6Fh \
  -ASFR61=01E80h-01EEFh -ASFR62=01F00h-01F6Fh -ASFR63=01F80h-01FEFh \
  -ACONFIG=08007h-0800Bh -DCONFIG=2 -AIDLOC=08000h-08003h -DIDLOC=2 \
  -DCODE=2 -DSTRCODE=2 -DSTRING=2 -DCONST=2 -DENTRY=2 \
  -preset_vec=00h,intentry=04h,init,end_init -ppowerup=CODE -pcinit=CODE \
  -pfunctab=ENTRY -k /tmp/xcqhFpAM7.o dist/default/debug/test_nano.debug.o 

Object code version is 3.11

Machine type is 16F15244



                Name                               Link     Load   Length Selector   Space Scale
/tmp/xcqhFpAM7.o
                end_init                             31       31        2        8       0
                reset_vec                             0        0        2        0       0
                config                             8007     8007        5        0       4
dist/default/debug/test_nano.debug.o
                cinit                                33       33        C        8       0
                intentry                              4        4       2D        8       0
                config                             8007     8007        5        0       4
                text32                              2E1      2E1        1      5B8       0
                text31                              251      251        F        8       0
                text30                              2E0      2E0        1      5B8       0
                text29                              242      242        F        8       0
                text28                              28E      28E        9      51C       0
                text27                              2DF      2DF        1      5B8       0
                text26                              26E      26E        D        8       0
                text25                              1CA      1CA       17        8       0
                text23                              2C9      2C9        6      51C       0
                text22                              232      232       10        8       0
                text21                              2C3      2C3        6      51C       0
                text20                              2BD      2BD        6      51C       0
                text19                              2B7      2B7        6      51C       0
                text18                              189      189       22        8       0
                text17                              2CF      2CF        5      51C       0
                text16                              2B1      2B1        6      51C       0
                text15                               B9       B9       44        8       0
                text14                              297      297        8      51C       0
                text13                              1F7      1F7       15        8       0
                text12                              2AB      2AB        6      51C       0
                text11                              20C      20C       14        8       0
                text10                              1E1      1E1       16        8       0
                text9                               260      260        E        8       0
                text8                               2DC      2DC        3      5B8       0
                text7                               1AB      1AB       1F        8       0
                text6                               27B      27B        A        8       0
                text5                               2A5      2A5        6      51C       0
                text4                                FD       FD       3F        8       0
                text3                                3F       3F       7A        8       0
                text2                               13C      13C       28        8       0
                text1                               220      220       12        8       0
                maintext                            164      164       25        8       0
                cstackBANK0                          4B       4B       12       20       1
                cstackCOMMON                         70       70        E       70       1
                clrtext                             29F      29F        6      51C       0
                bssBANK0                             20       20       2B       20       1
                stringtext3                         2D8      2D8        4      5A8       0
                stringtext2                         285      285        9      50A       0
                nvBANK0                              5D       5D        E       20       1
                stringtext1                         2D4      2D4        4      5A8       0

TOTAL           Name                               Link     Load   Length     Space
        CLASS   STACK          

        CLASS   CODE           
                end_init                             31       31        2         0
                cinit                                33       33        C         0
                intentry                              4        4       2D         0
                reset_vec                             0        0        2         0
                text32                              2E1      2E1        1         0
                text31                              251      251        F         0
                text30                              2E0      2E0        1         0
                text29                              242      242        F         0
                text28                              28E      28E        9         0
                text27                              2DF      2DF        1         0
                text26                              26E      26E        D         0
                text25                              1CA      1CA       17         0
                text23                              2C9      2C9        6         0
                text22                              232      232       10         0
                text21                              2C3      2C3        6         0
                text20                              2BD      2BD        6         0
                text19                              2B7      2B7        6         0
                text18                              189      189       22         0
                text17                              2CF      2CF        5         0
                text16                              2B1      2B1        6         0
                text15                               B9       B9       44         0
                text14                              297      297        8         0
                text13                              1F7      1F7       15         0
                text12                              2AB      2AB        6         0
                text11                              20C      20C       14         0
                text10                              1E1      1E1       16         0
                text9                               260      260        E         0
                text8                               2DC      2DC        3         0
                text7                               1AB      1AB       1F         0
                text6                               27B      27B        A         0
                text5                               2A5      2A5        6         0
                text4                                FD       FD       3F         0
                text3                                3F       3F       7A         0
                text2                               13C      13C       28         0
                text1                               220      220       12         0
                maintext                            164      164       25         0
                clrtext                             29F      29F        6         0

        CLASS   STRCODE        
                stringtext3                         2D8      2D8        4         0
                stringtext2                         285      285        9         0
                stringtext1                         2D4      2D4        4         0

        CLASS   STRING         

        CLASS   CONST          

        CLASS   ENTRY          

        CLASS   COMMON         
                cstackCOMMON                         70       70        E         1

        CLASS   BANK0          
                cstackBANK0                          4B       4B       12         1
                bssBANK0                             20       20       2B         1
                nvBANK0                              5D       5D        E         1

        CLASS   BANK1          

        CLASS   BANK2          

        CLASS   BANK3          

        CLASS   BANK4          

        CLASS   BANK5          

        CLASS   BANK6          

        CLASS   BIGRAM         

        CLASS   RAM            

        CLASS   ABS1           
                abs_s1                               7E       7E        2         1

        CLASS   SFR0           

        CLASS   SFR1           

        CLASS   SFR2           

        CLASS   SFR3           

        CLASS   SFR4           

        CLASS   SFR5           

        CLASS   SFR6           

        CLASS   SFR7           

        CLASS   SFR8           

        CLASS   SFR9           

        CLASS   SFR10          

        CLASS   SFR11          

        CLASS   SFR12          

        CLASS   SFR13          

        CLASS   SFR14          

        CLASS   SFR15          

        CLASS   SFR16          

        CLASS   SFR17          

        CLASS   SFR18          

        CLASS   SFR19          

        CLASS   SFR20          

        CLASS   SFR21          

        CLASS   SFR22          

        CLASS   SFR23          

        CLASS   SFR24          

        CLASS   SFR25          

        CLASS   SFR26          

        CLASS   SFR27          

        CLASS   SFR28          

        CLASS   SFR29          

        CLASS   SFR30          

        CLASS   SFR31          

        CLASS   SFR32          

        CLASS   SFR33          

        CLASS   SFR34          

        CLASS   SFR35          

        CLASS   SFR36          

        CLASS   SFR37          

        CLASS   SFR38          

        CLASS   SFR39          

        CLASS   SFR40          

        CLASS   SFR41          

        CLASS   SFR42          

        CLASS   SFR43          

        CLASS   SFR44          

        CLASS   SFR45          

        CLASS   SFR46          

        CLASS   SFR47          

        CLASS   SFR48          

        CLASS   SFR49          

        CLASS   SFR50          

        CLASS   SFR51          

        CLASS   SFR52          

        CLASS   SFR53          

        CLASS   SFR54          

        CLASS   SFR55          

        CLASS   SFR56          

        CLASS   SFR57          

        CLASS   SFR58          

        CLASS   SFR59          

        CLASS   SFR60          

        CLASS   SFR61          

        CLASS   SFR62          

        CLASS   SFR63          

        CLASS   CONFIG         
                config                             8007     8007        5         4

        CLASS   IDLOC          

        CLASS   BANK63         

        CLASS   BANK62         

        CLASS   BANK61         

        CLASS   BANK60         

        CLASS   BANK59         

        CLASS   BANK58         

        CLASS   BANK57         

        CLASS   BANK56         

        CLASS   BANK55         

        CLASS   BANK54         

        CLASS   BANK53         

        CLASS   BANK52         

        CLASS   BANK51         

        CLASS   BANK50         

        CLASS   BANK49         

        CLASS   BANK48         

        CLASS   BANK47         

        CLASS   BANK46         

        CLASS   BANK45         

        CLASS   BANK44         

        CLASS   BANK43         

        CLASS   BANK42         

        CLASS   BANK41         

        CLASS   BANK40         

        CLASS   BANK39         

        CLASS   BANK38         

        CLASS   BANK37         

        CLASS   BANK36         

        CLASS   BANK35         

        CLASS   BANK34         

        CLASS   BANK33         

        CLASS   BANK32         

        CLASS   BANK31         

        CLASS   BANK30         

        CLASS   BANK29         

        CLASS   BANK28         

        CLASS   BANK27         

        CLASS   BANK26         

        CLASS   BANK25         

        CLASS   BANK24         

        CLASS   BANK23         

        CLASS   BANK22         

        CLASS   BANK21         

        CLASS   BANK20         

        CLASS   BANK19         

        CLASS   BANK18         

        CLASS   BANK17         

        CLASS   BANK16         

        CLASS   BANK15         

        CLASS   BANK14         

        CLASS   BANK13         

        CLASS   BANK12         

        CLASS   BANK11         

        CLASS   BANK10         

        CLASS   BANK9          

        CLASS   BANK8          

        CLASS   BANK7          

        CLASS   EEDATA         



SEGMENTS        Name                           Load    Length   Top    Selector   Space  Class     Delta

                reset_vec                      000000  000002  000002         0       0  CODE        2
                stringtext2                    000285  000009  00028E       50A       0  STRCODE     2
                text8                          0002DC  000006  0002E2       5B8       0  CODE        2
                text28                         00028E  000046  0002D4       51C       0  CODE        2
                stringtext1                    0002D4  000008  0002DC       5A8       0  STRCODE     2
                bssBANK0                       000020  00004B  00006B        20       1  BANK0       1
                cstackCOMMON                   000070  00000E  00007E        70       1  COMMON      1
                intentry                       000004  000281  000285         8       0  CODE        2


UNUSED ADDRESS RANGES

        Name                Unused          Largest block    Delta
        BANK0            0006B-0006F               5           1
        BANK1            000A0-000EF              50           1
        BANK2            00120-0016F              50           1
        BANK3            001A0-001EF              50           1
        BANK4            00220-0026F              50           1
        BANK5            002A0-002EF              50           1
        BANK6            00320-0032F              10           1
        BIGRAM           02000-021EF             1F0           1
        CODE             00002-00003               2           2
                         002E2-00FFF             51E
        CONST            00002-00003               2           2
                         002E2-00FFF             100
        ENTRY            00002-00003               2           2
                         002E2-00FFF             100
        IDLOC            08000-08003               4           2
        RAM              0006B-0006F               5           1
                         000A0-000EF              50
                         00120-0016F              50
                         001A0-001EF              50
                         00220-0026F              50
                         002A0-002EF              50
                         00320-0032F              10
        SFR0             00000-0001F              20           1
        SFR1             00080-0009F              20           1
        SFR10            00500-0056F              70           1
        SFR11            00580-005EF              70           1
        SFR12            00600-0066F              70           1
        SFR13            00680-006EF              70           1
        SFR14            00700-0076F              70           1
        SFR15            00780-007EF              70           1
        SFR16            00800-0086F              70           1
        SFR17            00880-008EF              70           1
        SFR18            00900-0096F              70           1
        SFR19            00980-009EF              70           1
        SFR2             00100-0011F              20           1
        SFR20            00A00-00A6F              70           1
        SFR21            00A80-00AEF              70           1
        SFR22            00B00-00B6F              70           1
        SFR23            00B80-00BEF              70           1
        SFR24            00C00-00C6F              70           1
        SFR25            00C80-00CEF              70           1
        SFR26            00D00-00D6F              70           1
        SFR27            00D80-00DEF              70           1
        SFR28            00E00-00E6F              70           1
        SFR29            00E80-00EEF              70           1
        SFR3             00180-0019F              20           1
        SFR30            00F00-00F6F              70           1
        SFR31            00F80-00FEF              70           1
        SFR32            01000-0106F              70           1
        SFR33            01080-010EF              70           1
        SFR34            01100-0116F              70           1
        SFR35            01180-011EF              70           1
        SFR36            01200-0126F              70           1
        SFR37            01280-012EF              70           1
        SFR38            01300-0136F              70           1
        SFR39            01380-013EF              70           1
        SFR4             00200-0021F              20           1
        SFR40            01400-0146F              70           1
        SFR41            01480-014EF              70           1
        SFR42            01500-0156F              70           1
        SFR43            01580-015EF              70           1
        SFR44            01600-0166F              70           1
        SFR45            01680-016EF              70           1
        SFR46            01700-0176F              70           1
        SFR47            01780-017EF              70           1
        SFR48            01800-0186F              70           1
        SFR49            01880-018EF              70           1
        SFR5             00280-0029F              20           1
        SFR50            01900-0196F              70           1
        SFR51            01980-019EF              70           1
        SFR52            01A00-01A6F              70           1
        SFR53            01A80-01AEF              70           1
        SFR54            01B00-01B6F              70           1
        SFR55            01B80-01BEF              70           1
        SFR56            01C00-01C6F              70           1
        SFR57            01C80-01CEF              70           1
        SFR58            01D00-01D6F              70           1
        SFR59            01D80-01DEF              70           1
        SFR6             00300-0031F              20           1
        SFR60            01E00-01E6F              70           1
        SFR61            01E80-01EEF              70           1
        SFR62            01F00-01F6F              70           1
        SFR63            01F80-01FEF              70           1
        SFR7             00380-003EF              70           1
        SFR8             00400-0046F              70           1
        SFR9             00480-004EF              70           1
        STACK            0204B-021EF             1A5           1
        STRCODE          00002-00003               2           2
                         002E2-00FFF             D1E
        STRING           00002-00003               2           2
                         002E2-00FFF             100

                                  Symbol Table

?_printf                                        cstackBANK0  00058
?_vfpfcnvrt                                     cstackCOMMON 0007A
?_vfprintf                                      cstackBANK0  00050
ADC_SetInterruptHandler@InterruptHandler        cstackCOMMON 00070
EUSART1_SetErrorHandler@interruptHandler        cstackCOMMON 00070
EUSART1_SetFramingErrorHandler@interruptHandler cstackCOMMON 00070
EUSART1_SetOverrunErrorHandler@interruptHandler cstackCOMMON 00070
EUSART1_Write@txData                            cstackCOMMON 00070
IOCCF2_SetInterruptHandler@InterruptHandler     cstackCOMMON 00070
TMR0_ISR@CountCallBack                          bssBANK0     00048
TMR0_SetInterruptHandler@InterruptHandler       cstackCOMMON 00070
_ADACTPPS                                       (abs)        01EC3
_ADCON0                                         (abs)        0009D
_ADCON0bits                                     (abs)        0009D
_ADCON1                                         (abs)        0009E
_ADC_DefaultInterruptHandler                    text32       002E1
_ADC_ISR                                        text31       00251
_ADC_Initialize                                 text22       00232
_ADC_InterruptHandler                           nvBANK0      00061
_ADC_SetInterruptHandler                        text23       002C9
_ADRESH                                         (abs)        0009C
_ADRESL                                         (abs)        0009B
_ANSELA                                         (abs)        01F38
_ANSELB                                         (abs)        01F43
_ANSELC                                         (abs)        01F4E
_BAUD1CON                                       (abs)        0011F
_EUSART1_DefaultErrorHandler                    (abs)        00000
_EUSART1_DefaultFramingErrorHandler             (abs)        00000
_EUSART1_DefaultOverrunErrorHandler             (abs)        00000
_EUSART1_ErrorHandler                           nvBANK0      00063
_EUSART1_FramingErrorHandler                    nvBANK0      00067
_EUSART1_Initialize                             text18       00189
_EUSART1_OverrunErrorHandler                    nvBANK0      00065
_EUSART1_SetErrorHandler                        text21       002C3
_EUSART1_SetFramingErrorHandler                 text20       002BD
_EUSART1_SetOverrunErrorHandler                 text19       002B7
_EUSART1_Write                                  text6        0027B
_INLVLA                                         (abs)        01F3C
_INLVLB                                         (abs)        01F47
_INLVLC                                         (abs)        01F52
_INTCONbits                                     (abs)        0000B
_INTERRUPT_InterruptManager                     intentry     00004
_IOCCF2_DefaultInterruptHandler                 text30       002E0
_IOCCF2_ISR                                     text29       00242
_IOCCF2_InterruptHandler                        nvBANK0      00069
_IOCCF2_SetInterruptHandler                     text16       002B1
_IOCCFbits                                      (abs)        01F55
_IOCCNbits                                      (abs)        01F54
_IOCCPbits                                      (abs)        01F53
_LATA                                           (abs)        00018
_LATB                                           (abs)        00019
_LATC                                           (abs)        0001A
_ODCONA                                         (abs)        01F3A
_ODCONB                                         (abs)        01F45
_ODCONC                                         (abs)        01F50
_OSCEN                                          (abs)        00891
_OSCFRQ                                         (abs)        00893
_OSCILLATOR_Initialize                          text17       002CF
_OSCTUNE                                        (abs)        00892
_PIE0bits                                       (abs)        00716
_PIE1bits                                       (abs)        00717
_PIN_MANAGER_IOC                                text28       0028E
_PIN_MANAGER_Initialize                         text15       000B9
_PIR0bits                                       (abs)        0070C
_PIR1bits                                       (abs)        0070D
_PR2                                            (abs)        0028D
_PWM3CON                                        (abs)        00316
_PWM3DCH                                        (abs)        00315
_PWM3DCL                                        (abs)        00314
_PWM3_Initialize                                text14       00297
_RB7PPS                                         (abs)        01F1F
_RC1REG                                         (abs)        00119
_RC1STA                                         (abs)        0011D
_RC1STAbits                                     (abs)        0011D
_RC4PPS                                         (abs)        01F24
_RC6PPS                                         (abs)        01F26
_RX1PPS                                         (abs)        01ECB
_SLRCONA                                        (abs)        01F3B
_SLRCONB                                        (abs)        01F46
_SLRCONC                                        (abs)        01F51
_SP1BRGH                                        (abs)        0011C
_SP1BRGL                                        (abs)        0011B
_SPI1_Initialize                                text13       001F7
_SSP1ADD                                        (abs)        0018D
_SSP1BUF                                        (abs)        0018C
_SSP1CLKPPS                                     (abs)        01EC5
_SSP1CON1                                       (abs)        00190
_SSP1CON1bits                                   (abs)        00190
_SSP1CON2                                       (abs)        00191
_SSP1DATPPS                                     (abs)        01EC6
_SSP1STAT                                       (abs)        0018F
_SYSTEM_Initialize                              text7        001AB
_T0CON0                                         (abs)        0059E
_T0CON0bits                                     (abs)        0059E
_T0CON1                                         (abs)        0059F
_T1CKIPPS                                       (abs)        01E92
_T1CLK                                          (abs)        00211
_T1CON                                          (abs)        0020E
_T1CONbits                                      (abs)        0020E
_T1GATE                                         (abs)        00210
_T1GCON                                         (abs)        0020F
_T1GCONbits                                     (abs)        0020F
_T2CLKCON                                       (abs)        00290
_T2CON                                          (abs)        0028E
_T2CONbits                                      (abs)        0028E
_T2HLT                                          (abs)        0028F
_T2HLTbits                                      (abs)        0028F
_T2PR                                           (abs)        0028D
_T2RST                                          (abs)        00291
_T2RSTbits                                      (abs)        00291
_T2TMR                                          (abs)        0028C
_TMR0H                                          (abs)        0059D
_TMR0L                                          (abs)        0059C
_TMR0_CallBack                                  text26       0026E
_TMR0_DefaultInterruptHandler                   text27       002DF
_TMR0_ISR                                       text25       001CA
_TMR0_Initialize                                text11       0020C
_TMR0_InterruptHandler                          nvBANK0      0005D
_TMR0_SetInterruptHandler                       text12       002AB
_TMR1H                                          (abs)        0020D
_TMR1L                                          (abs)        0020C
_TMR1_Initialize                                text10       001E1
_TMR2                                           (abs)        0028C
_TMR2_Initialize                                text9        00260
_TRISA                                          (abs)        00012
_TRISB                                          (abs)        00013
_TRISC                                          (abs)        00014
_TRISCbits                                      (abs)        00014
_TX1REG                                         (abs)        0011A
_TX1STA                                         (abs)        0011E
_TX1STAbits                                     (abs)        0011E
_WDTCON                                         (abs)        0080C
_WDT_Initialize                                 text8        002DC
_WPUA                                           (abs)        01F39
_WPUB                                           (abs)        01F44
_WPUC                                           (abs)        01F4F
__Habs1                                         abs1         00000
__Hbank0                                        bank0        00000
__Hbank1                                        bank1        00000
__Hbank10                                       bank10       00000
__Hbank11                                       bank11       00000
__Hbank12                                       bank12       00000
__Hbank13                                       bank13       00000
__Hbank14                                       bank14       00000
__Hbank15                                       bank15       00000
__Hbank16                                       bank16       00000
__Hbank17                                       bank17       00000
__Hbank18                                       bank18       00000
__Hbank19                                       bank19       00000
__Hbank2                                        bank2        00000
__Hbank20                                       bank20       00000
__Hbank21                                       bank21       00000
__Hbank22                                       bank22       00000
__Hbank23                                       bank23       00000
__Hbank24                                       bank24       00000
__Hbank25                                       bank25       00000
__Hbank26                                       bank26       00000
__Hbank27                                       bank27       00000
__Hbank28                                       bank28       00000
__Hbank29                                       bank29       00000
__Hbank3                                        bank3        00000
__Hbank30                                       bank30       00000
__Hbank31                                       bank31       00000
__Hbank32                                       bank32       00000
__Hbank33                                       bank33       00000
__Hbank34                                       bank34       00000
__Hbank35                                       bank35       00000
__Hbank36                                       bank36       00000
__Hbank37                                       bank37       00000
__Hbank38                                       bank38       00000
__Hbank39                                       bank39       00000
__Hbank4                                        bank4        00000
__Hbank40                                       bank40       00000
__Hbank41                                       bank41       00000
__Hbank42                                       bank42       00000
__Hbank43                                       bank43       00000
__Hbank44                                       bank44       00000
__Hbank45                                       bank45       00000
__Hbank46                                       bank46       00000
__Hbank47                                       bank47       00000
__Hbank48                                       bank48       00000
__Hbank49                                       bank49       00000
__Hbank5                                        bank5        00000
__Hbank50                                       bank50       00000
__Hbank51                                       bank51       00000
__Hbank52                                       bank52       00000
__Hbank53                                       bank53       00000
__Hbank54                                       bank54       00000
__Hbank55                                       bank55       00000
__Hbank56                                       bank56       00000
__Hbank57                                       bank57       00000
__Hbank58                                       bank58       00000
__Hbank59                                       bank59       00000
__Hbank6                                        bank6        00000
__Hbank60                                       bank60       00000
__Hbank61                                       bank61       00000
__Hbank62                                       bank62       00000
__Hbank63                                       bank63       00000
__Hbank7                                        bank7        00000
__Hbank8                                        bank8        00000
__Hbank9                                        bank9        00000
__Hbigram                                       bigram       00000
__HbssBANK0                                     bssBANK0     00000
__Hcinit                                        cinit        0003F
__Hclrtext                                      clrtext      00000
__Hcode                                         code         00000
__Hcommon                                       common       00000
__Hconfig                                       config       0800C
__HcstackBANK0                                  cstackBANK0  00000
__HcstackCOMMON                                 cstackCOMMON 00000
__Heeprom_data                                  eeprom_data  00000
__Hend_init                                     end_init     00033
__Hfunctab                                      functab      00000
__Hinit                                         init         00031
__Hintentry                                     intentry     00031
__Hmaintext                                     maintext     00000
__HnvBANK0                                      nvBANK0      00000
__Hpowerup                                      powerup      00000
__Hram                                          ram          00000
__Hreset_vec                                    reset_vec    00002
__Hsfr0                                         sfr0         00000
__Hsfr1                                         sfr1         00000
__Hsfr10                                        sfr10        00000
__Hsfr11                                        sfr11        00000
__Hsfr12                                        sfr12        00000
__Hsfr13                                        sfr13        00000
__Hsfr14                                        sfr14        00000
__Hsfr15                                        sfr15        00000
__Hsfr16                                        sfr16        00000
__Hsfr17                                        sfr17        00000
__Hsfr18                                        sfr18        00000
__Hsfr19                                        sfr19        00000
__Hsfr2                                         sfr2         00000
__Hsfr20                                        sfr20        00000
__Hsfr21                                        sfr21        00000
__Hsfr22                                        sfr22        00000
__Hsfr23                                        sfr23        00000
__Hsfr24                                        sfr24        00000
__Hsfr25                                        sfr25        00000
__Hsfr26                                        sfr26        00000
__Hsfr27                                        sfr27        00000
__Hsfr28                                        sfr28        00000
__Hsfr29                                        sfr29        00000
__Hsfr3                                         sfr3         00000
__Hsfr30                                        sfr30        00000
__Hsfr31                                        sfr31        00000
__Hsfr32                                        sfr32        00000
__Hsfr33                                        sfr33        00000
__Hsfr34                                        sfr34        00000
__Hsfr35                                        sfr35        00000
__Hsfr36                                        sfr36        00000
__Hsfr37                                        sfr37        00000
__Hsfr38                                        sfr38        00000
__Hsfr39                                        sfr39        00000
__Hsfr4                                         sfr4         00000
__Hsfr40                                        sfr40        00000
__Hsfr41                                        sfr41        00000
__Hsfr42                                        sfr42        00000
__Hsfr43                                        sfr43        00000
__Hsfr44                                        sfr44        00000
__Hsfr45                                        sfr45        00000
__Hsfr46                                        sfr46        00000
__Hsfr47                                        sfr47        00000
__Hsfr48                                        sfr48        00000
__Hsfr49                                        sfr49        00000
__Hsfr5                                         sfr5         00000
__Hsfr50                                        sfr50        00000
__Hsfr51                                        sfr51        00000
__Hsfr52                                        sfr52        00000
__Hsfr53                                        sfr53        00000
__Hsfr54                                        sfr54        00000
__Hsfr55                                        sfr55        00000
__Hsfr56                                        sfr56        00000
__Hsfr57                                        sfr57        00000
__Hsfr58                                        sfr58        00000
__Hsfr59                                        sfr59        00000
__Hsfr6                                         sfr6         00000
__Hsfr60                                        sfr60        00000
__Hsfr61                                        sfr61        00000
__Hsfr62                                        sfr62        00000
__Hsfr63                                        sfr63        00000
__Hsfr7                                         sfr7         00000
__Hsfr8                                         sfr8         00000
__Hsfr9                                         sfr9         00000
__Hspace_0                                      (abs)        002E2
__Hspace_1                                      (abs)        0007E
__Hspace_2                                      (abs)        00000
__Hspace_3                                      (abs)        00000
__Hspace_4                                      (abs)        10013
__Hstack                                        stack        00000
__Hstrings                                      strings      00000
__Hstringtext1                                  stringtext1  00000
__Hstringtext2                                  stringtext2  00000
__Hstringtext3                                  stringtext3  00000
__Hstringtext4                                  stringtext4  00000
__Htext                                         text         00000
__Labs1                                         abs1         00000
__Lbank0                                        bank0        00000
__Lbank1                                        bank1        00000
__Lbank10                                       bank10       00000
__Lbank11                                       bank11       00000
__Lbank12                                       bank12       00000
__Lbank13                                       bank13       00000
__Lbank14                                       bank14       00000
__Lbank15                                       bank15       00000
__Lbank16                                       bank16       00000
__Lbank17                                       bank17       00000
__Lbank18                                       bank18       00000
__Lbank19                                       bank19       00000
__Lbank2                                        bank2        00000
__Lbank20                                       bank20       00000
__Lbank21                                       bank21       00000
__Lbank22                                       bank22       00000
__Lbank23                                       bank23       00000
__Lbank24                                       bank24       00000
__Lbank25                                       bank25       00000
__Lbank26                                       bank26       00000
__Lbank27                                       bank27       00000
__Lbank28                                       bank28       00000
__Lbank29                                       bank29       00000
__Lbank3                                        bank3        00000
__Lbank30                                       bank30       00000
__Lbank31                                       bank31       00000
__Lbank32                                       bank32       00000
__Lbank33                                       bank33       00000
__Lbank34                                       bank34       00000
__Lbank35                                       bank35       00000
__Lbank36                                       bank36       00000
__Lbank37                                       bank37       00000
__Lbank38                                       bank38       00000
__Lbank39                                       bank39       00000
__Lbank4                                        bank4        00000
__Lbank40                                       bank40       00000
__Lbank41                                       bank41       00000
__Lbank42                                       bank42       00000
__Lbank43                                       bank43       00000
__Lbank44                                       bank44       00000
__Lbank45                                       bank45       00000
__Lbank46                                       bank46       00000
__Lbank47                                       bank47       00000
__Lbank48                                       bank48       00000
__Lbank49                                       bank49       00000
__Lbank5                                        bank5        00000
__Lbank50                                       bank50       00000
__Lbank51                                       bank51       00000
__Lbank52                                       bank52       00000
__Lbank53                                       bank53       00000
__Lbank54                                       bank54       00000
__Lbank55                                       bank55       00000
__Lbank56                                       bank56       00000
__Lbank57                                       bank57       00000
__Lbank58                                       bank58       00000
__Lbank59                                       bank59       00000
__Lbank6                                        bank6        00000
__Lbank60                                       bank60       00000
__Lbank61                                       bank61       00000
__Lbank62                                       bank62       00000
__Lbank63                                       bank63       00000
__Lbank7                                        bank7        00000
__Lbank8                                        bank8        00000
__Lbank9                                        bank9        00000
__Lbigram                                       bigram       00000
__LbssBANK0                                     bssBANK0     00000
__Lcinit                                        cinit        00033
__Lclrtext                                      clrtext      00000
__Lcode                                         code         00000
__Lcommon                                       common       00000
__Lconfig                                       config       00000
__LcstackBANK0                                  cstackBANK0  00000
__LcstackCOMMON                                 cstackCOMMON 00000
__Leeprom_data                                  eeprom_data  00000
__Lend_init                                     end_init     00031
__Lfunctab                                      functab      00000
__Linit                                         init         00031
__Lintentry                                     intentry     00004
__Lmaintext                                     maintext     00000
__LnvBANK0                                      nvBANK0      00000
__Lpowerup                                      powerup      00000
__Lram                                          ram          00000
__Lreset_vec                                    reset_vec    00000
__Lsfr0                                         sfr0         00000
__Lsfr1                                         sfr1         00000
__Lsfr10                                        sfr10        00000
__Lsfr11                                        sfr11        00000
__Lsfr12                                        sfr12        00000
__Lsfr13                                        sfr13        00000
__Lsfr14                                        sfr14        00000
__Lsfr15                                        sfr15        00000
__Lsfr16                                        sfr16        00000
__Lsfr17                                        sfr17        00000
__Lsfr18                                        sfr18        00000
__Lsfr19                                        sfr19        00000
__Lsfr2                                         sfr2         00000
__Lsfr20                                        sfr20        00000
__Lsfr21                                        sfr21        00000
__Lsfr22                                        sfr22        00000
__Lsfr23                                        sfr23        00000
__Lsfr24                                        sfr24        00000
__Lsfr25                                        sfr25        00000
__Lsfr26                                        sfr26        00000
__Lsfr27                                        sfr27        00000
__Lsfr28                                        sfr28        00000
__Lsfr29                                        sfr29        00000
__Lsfr3                                         sfr3         00000
__Lsfr30                                        sfr30        00000
__Lsfr31                                        sfr31        00000
__Lsfr32                                        sfr32        00000
__Lsfr33                                        sfr33        00000
__Lsfr34                                        sfr34        00000
__Lsfr35                                        sfr35        00000
__Lsfr36                                        sfr36        00000
__Lsfr37                                        sfr37        00000
__Lsfr38                                        sfr38        00000
__Lsfr39                                        sfr39        00000
__Lsfr4                                         sfr4         00000
__Lsfr40                                        sfr40        00000
__Lsfr41                                        sfr41        00000
__Lsfr42                                        sfr42        00000
__Lsfr43                                        sfr43        00000
__Lsfr44                                        sfr44        00000
__Lsfr45                                        sfr45        00000
__Lsfr46                                        sfr46        00000
__Lsfr47                                        sfr47        00000
__Lsfr48                                        sfr48        00000
__Lsfr49                                        sfr49        00000
__Lsfr5                                         sfr5         00000
__Lsfr50                                        sfr50        00000
__Lsfr51                                        sfr51        00000
__Lsfr52                                        sfr52        00000
__Lsfr53                                        sfr53        00000
__Lsfr54                                        sfr54        00000
__Lsfr55                                        sfr55        00000
__Lsfr56                                        sfr56        00000
__Lsfr57                                        sfr57        00000
__Lsfr58                                        sfr58        00000
__Lsfr59                                        sfr59        00000
__Lsfr6                                         sfr6         00000
__Lsfr60                                        sfr60        00000
__Lsfr61                                        sfr61        00000
__Lsfr62                                        sfr62        00000
__Lsfr63                                        sfr63        00000
__Lsfr7                                         sfr7         00000
__Lsfr8                                         sfr8         00000
__Lsfr9                                         sfr9         00000
__Lspace_0                                      (abs)        00000
__Lspace_1                                      (abs)        00000
__Lspace_2                                      (abs)        00000
__Lspace_3                                      (abs)        00000
__Lspace_4                                      (abs)        00000
__Lstack                                        stack        00000
__Lstrings                                      strings      00000
__Lstringtext1                                  stringtext1  00000
__Lstringtext2                                  stringtext2  00000
__Lstringtext3                                  stringtext3  00000
__Lstringtext4                                  stringtext4  00000
__Ltext                                         text         00000
__S0                                            (abs)        002E2
__S1                                            (abs)        0007E
__S2                                            (abs)        00000
___int_sp                                       stack        00000
___latbits                                      (abs)        00001
___sp                                           stack        00000
___stackhi                                      (abs)        021EF
___stacklo                                      (abs)        0204B
__end_of_ADC_DefaultInterruptHandler            text32       002E2
__end_of_ADC_ISR                                text31       00260
__end_of_ADC_Initialize                         text22       00242
__end_of_ADC_SetInterruptHandler                text23       002CF
__end_of_EUSART1_Initialize                     text18       001AB
__end_of_EUSART1_SetErrorHandler                text21       002C9
__end_of_EUSART1_SetFramingErrorHandler         text20       002C3
__end_of_EUSART1_SetOverrunErrorHandler         text19       002BD
__end_of_EUSART1_Write                          text6        00285
__end_of_INTERRUPT_InterruptManager             intentry     00031
__end_of_IOCCF2_DefaultInterruptHandler         text30       002E1
__end_of_IOCCF2_ISR                             text29       00251
__end_of_IOCCF2_SetInterruptHandler             text16       002B7
__end_of_OSCILLATOR_Initialize                  text17       002D4
__end_of_PIN_MANAGER_IOC                        text28       00297
__end_of_PIN_MANAGER_Initialize                 text15       000FD
__end_of_PWM3_Initialize                        text14       0029F
__end_of_SPI1_Initialize                        text13       0020C
__end_of_SYSTEM_Initialize                      text7        001CA
__end_of_TMR0_CallBack                          text26       0027B
__end_of_TMR0_DefaultInterruptHandler           text27       002E0
__end_of_TMR0_ISR                               text25       001E1
__end_of_TMR0_Initialize                        text11       00220
__end_of_TMR0_SetInterruptHandler               text12       002B1
__end_of_TMR1_Initialize                        text10       001F7
__end_of_TMR2_Initialize                        text9        0026E
__end_of_WDT_Initialize                         text8        002DF
__end_of__initialization                        cinit        0003B
__end_of_fputc                                  text4        0013C
__end_of_main                                   maintext     00189
__end_of_printf                                 text1        00232
__end_of_putch                                  text5        002AB
__end_of_spi1_configuration                     stringtext1  002D8
__end_of_vfpfcnvrt                              text3        000B9
__end_of_vfprintf                               text2        00164
__initialization                                cinit        00033
__pbssBANK0                                     bssBANK0     00020
__pcstackBANK0                                  cstackBANK0  0004B
__pcstackCOMMON                                 cstackCOMMON 00070
__pintentry                                     intentry     00004
__pmaintext                                     maintext     00164
__pnvBANK0                                      nvBANK0      0005D
__pstringtext1                                  stringtext1  002D4
__pstringtext2                                  stringtext2  00285
__pstringtext3                                  stringtext3  002D8
__pstringtext4                                  stringtext4  00000
__ptext1                                        text1        00220
__ptext10                                       text10       001E1
__ptext11                                       text11       0020C
__ptext12                                       text12       002AB
__ptext13                                       text13       001F7
__ptext14                                       text14       00297
__ptext15                                       text15       000B9
__ptext16                                       text16       002B1
__ptext17                                       text17       002CF
__ptext18                                       text18       00189
__ptext19                                       text19       002B7
__ptext2                                        text2        0013C
__ptext20                                       text20       002BD
__ptext21                                       text21       002C3
__ptext22                                       text22       00232
__ptext23                                       text23       002C9
__ptext25                                       text25       001CA
__ptext26                                       text26       0026E
__ptext27                                       text27       002DF
__ptext28                                       text28       0028E
__ptext29                                       text29       00242
__ptext3                                        text3        0003F
__ptext30                                       text30       002E0
__ptext31                                       text31       00251
__ptext32                                       text32       002E1
__ptext4                                        text4        000FD
__ptext5                                        text5        002A5
__ptext6                                        text6        0027B
__ptext7                                        text7        001AB
__ptext8                                        text8        002DC
__ptext9                                        text9        00260
__size_of_ADC_DefaultInterruptHandler           (abs)        00000
__size_of_ADC_ISR                               (abs)        00000
__size_of_ADC_Initialize                        (abs)        00000
__size_of_ADC_SetInterruptHandler               (abs)        00000
__size_of_EUSART1_Initialize                    (abs)        00000
__size_of_EUSART1_SetErrorHandler               (abs)        00000
__size_of_EUSART1_SetFramingErrorHandler        (abs)        00000
__size_of_EUSART1_SetOverrunErrorHandler        (abs)        00000
__size_of_EUSART1_Write                         (abs)        00000
__size_of_INTERRUPT_InterruptManager            (abs)        00000
__size_of_IOCCF2_DefaultInterruptHandler        (abs)        00000
__size_of_IOCCF2_ISR                            (abs)        00000
__size_of_IOCCF2_SetInterruptHandler            (abs)        00000
__size_of_OSCILLATOR_Initialize                 (abs)        00000
__size_of_PIN_MANAGER_IOC                       (abs)        00000
__size_of_PIN_MANAGER_Initialize                (abs)        00000
__size_of_PWM3_Initialize                       (abs)        00000
__size_of_SPI1_Initialize                       (abs)        00000
__size_of_SYSTEM_Initialize                     (abs)        00000
__size_of_TMR0_CallBack                         (abs)        00000
__size_of_TMR0_DefaultInterruptHandler          (abs)        00000
__size_of_TMR0_ISR                              (abs)        00000
__size_of_TMR0_Initialize                       (abs)        00000
__size_of_TMR0_SetInterruptHandler              (abs)        00000
__size_of_TMR1_Initialize                       (abs)        00000
__size_of_TMR2_Initialize                       (abs)        00000
__size_of_WDT_Initialize                        (abs)        00000
__size_of_fputc                                 (abs)        00000
__size_of_main                                  (abs)        00000
__size_of_printf                                (abs)        00000
__size_of_putch                                 (abs)        00000
__size_of_vfpfcnvrt                             (abs)        00000
__size_of_vfprintf                              (abs)        00000
_eusart1RxLastError                             bssBANK0     0004A
_flags                                          bssBANK0     00046
_fputc                                          text4        000FD
_main                                           maintext     00164
_nout                                           bssBANK0     00040
_prec                                           bssBANK0     00044
_printf                                         text1        00220
_putch                                          text5        002A5
_spi1_configuration                             stringtext1  002D4
_timer1ReloadVal                                nvBANK0      0005F
_vfpfcnvrt                                      text3        0003F
_vfprintf                                       text2        0013C
_width                                          bssBANK0     00042
btemp                                           (abs)        0007E
clear_ram0                                      clrtext      0029F
end_of_initialization                           cinit        0003B
fputc@c                                         cstackCOMMON 00072
fputc@fp                                        cstackCOMMON 00074
int$flags                                       (abs)        0007E
intlevel0                                       functab      00000
intlevel1                                       functab      00000
intlevel2                                       functab      00000
intlevel3                                       functab      00000
intlevel4                                       functab      00000
intlevel5                                       functab      00000
printf@ap                                       cstackBANK0  0005A
printf@fmt                                      cstackBANK0  00058
putch@txData                                    cstackCOMMON 00071
reset_vec                                       reset_vec    00000
start                                           init         00031
start_initialization                            cinit        00033
vfpfcnvrt@ap                                    cstackCOMMON 0007B
vfpfcnvrt@fmt                                   cstackCOMMON 0007A
vfpfcnvrt@fp                                    cstackCOMMON 0007C
vfprintf@ap                                     cstackBANK0  00052
vfprintf@cfmt                                   cstackBANK0  00056
vfprintf@fmt                                    cstackBANK0  00050
vfprintf@fp                                     cstackBANK0  00055
wtemp0                                          (abs)        0007E


MODULE INFORMATION

Module		Function		Class		Link	Load	Size
/Applications/microchip/xc8/v2.32/pic/sources/c99/common/nf_fputc.c
		_fputc         		CODE           	00FD	0000	63

/Applications/microchip/xc8/v2.32/pic/sources/c99/common/nf_fputc.c estimated size: 63

mcc_generated_files/tmr2.c
		_TMR2_Initialize		CODE           	0260	0000	14

mcc_generated_files/tmr2.c estimated size: 14

mcc_generated_files/interrupt_manager.c
		_INTERRUPT_InterruptManager		CODE           	0004	0000	45

mcc_generated_files/interrupt_manager.c estimated size: 45

mcc_generated_files/tmr0.c
		_TMR0_SetInterruptHandler		CODE           	02AB	0000	6
		_TMR0_DefaultInterruptHandler		CODE           	02DF	0000	1
		_TMR0_CallBack 		CODE           	026E	0000	13
		_TMR0_ISR      		CODE           	01CA	0000	23
		_TMR0_Initialize		CODE           	020C	0000	20

mcc_generated_files/tmr0.c estimated size: 63

/Applications/microchip/xc8/v2.32/pic/sources/c99/common/doprnt.c
		_vfpfcnvrt     		CODE           	003F	0000	122
		_vfprintf      		CODE           	013C	0000	40

/Applications/microchip/xc8/v2.32/pic/sources/c99/common/doprnt.c estimated size: 162

mcc_generated_files/pin_manager.c
		_PIN_MANAGER_Initialize		CODE           	00B9	0000	68
		_IOCCF2_SetInterruptHandler		CODE           	02B1	0000	6
		_PIN_MANAGER_IOC		CODE           	028E	0000	9
		_IOCCF2_DefaultInterruptHandler		CODE           	02E0	0000	1
		_IOCCF2_ISR    		CODE           	0242	0000	15

mcc_generated_files/pin_manager.c estimated size: 99

mcc_generated_files/spi1.c
		_SPI1_Initialize		CODE           	01F7	0000	21

mcc_generated_files/spi1.c estimated size: 21

mcc_generated_files/adc.c
		_ADC_DefaultInterruptHandler		CODE           	02E1	0000	1
		_ADC_Initialize		CODE           	0232	0000	16
		_ADC_SetInterruptHandler		CODE           	02C9	0000	6
		_ADC_ISR       		CODE           	0251	0000	15

mcc_generated_files/adc.c estimated size: 38

shared
		__initialization		CODE           	0033	0000	8
		_spi1_configuration		STRCODE        	02D4	0000	4

shared estimated size: 12

mcc_generated_files/eusart1.c
		_EUSART1_Initialize		CODE           	0189	0000	34
		_putch         		CODE           	02A5	0000	6
		_EUSART1_SetFramingErrorHandler		CODE           	02BD	0000	6
		_EUSART1_SetOverrunErrorHandler		CODE           	02B7	0000	6
		_EUSART1_SetErrorHandler		CODE           	02C3	0000	6
		_EUSART1_Write 		CODE           	027B	0000	10

mcc_generated_files/eusart1.c estimated size: 68

mcc_generated_files/mcc.c
		_WDT_Initialize		CODE           	02DC	0000	3
		_OSCILLATOR_Initialize		CODE           	02CF	0000	5
		_SYSTEM_Initialize		CODE           	01AB	0000	31

mcc_generated_files/mcc.c estimated size: 39

mcc_generated_files/pwm3.c
		_PWM3_Initialize		CODE           	0297	0000	8

mcc_generated_files/pwm3.c estimated size: 8

mcc_generated_files/tmr1.c
		_TMR1_Initialize		CODE           	01E1	0000	22

mcc_generated_files/tmr1.c estimated size: 22

/Applications/microchip/xc8/v2.32/pic/sources/c99/common/printf.c
		_printf        		CODE           	0220	0000	18

/Applications/microchip/xc8/v2.32/pic/sources/c99/common/printf.c estimated size: 18

main.c
		_main          		CODE           	0164	0000	37

main.c estimated size: 37

