Microchip MPLAB XC8 Compiler V2.32

Linker command line:

-W-3 --edf=/Applications/microchip/xc8/v2.32/pic/dat/en_msgs.txt -cn \
  -h+dist/default/production/test_nano.production.sym \
  --cmf=dist/default/production/test_nano.production.cmf -z -Q16F15244 \
  -o/tmp/xcR1NgfcF --defsym=__MPLAB_BUILD=1 \
  -Mdist/default/production/test_nano.production.map -E1 -ver=XC8 Compiler \
  --acfsm=1493 -ASTACK=020C0h-021EFh -pstack=STACK -ACODE=00h-07FFhx2 \
  -ASTRCODE=00h-0FFFh -ASTRING=00h-0FFhx16 -ACONST=00h-0FFhx16 \
  -AENTRY=00h-0FFhx16 -ACOMMON=070h-07Fh -ABANK0=020h-06Fh \
  -ABANK1=0A0h-0EFh -ABANK2=0120h-016Fh -ABANK3=01A0h-01EFh \
  -ABANK4=0220h-026Fh -ABANK5=02A0h-02EFh -ABANK6=0320h-032Fh \
  -ABIGRAM=02000h-021EFh \
  -ARAM=020h-06Fh,0A0h-0EFh,0120h-016Fh,01A0h-01EFh,0220h-026Fh,02A0h-02EFh,0320h-032Fh \
  -AABS1=020h-07Fh,0A0h-0EFh,0120h-016Fh,01A0h-01EFh,0220h-026Fh,02A0h-02EFh,0320h-032Fh \
  -ASFR0=00h-01Fh -ASFR1=080h-09Fh -ASFR2=0100h-011Fh -ASFR3=0180h-019Fh \
  -ASFR4=0200h-021Fh -ASFR5=0280h-029Fh -ASFR6=0300h-031Fh \
  -ASFR7=0380h-03EFh -ASFR8=0400h-046Fh -ASFR9=0480h-04EFh \
  -ASFR10=0500h-056Fh -ASFR11=0580h-05EFh -ASFR12=0600h-066Fh \
  -ASFR13=0680h-06EFh -ASFR14=0700h-076Fh -ASFR15=0780h-07EFh \
  -ASFR16=0800h-086Fh -ASFR17=0880h-08EFh -ASFR18=0900h-096Fh \
  -ASFR19=0980h-09EFh -ASFR20=0A00h-0A6Fh -ASFR21=0A80h-0AEFh \
  -ASFR22=0B00h-0B6Fh -ASFR23=0B80h-0BEFh -ASFR24=0C00h-0C6Fh \
  -ASFR25=0C80h-0CEFh -ASFR26=0D00h-0D6Fh -ASFR27=0D80h-0DEFh \
  -ASFR28=0E00h-0E6Fh -ASFR29=0E80h-0EEFh -ASFR30=0F00h-0F6Fh \
  -ASFR31=0F80h-0FEFh -ASFR32=01000h-0106Fh -ASFR33=01080h-010EFh \
  -ASFR34=01100h-0116Fh -ASFR35=01180h-011EFh -ASFR36=01200h-0126Fh \
  -ASFR37=01280h-012EFh -ASFR38=01300h-0136Fh -ASFR39=01380h-013EFh \
  -ASFR40=01400h-0146Fh -ASFR41=01480h-014EFh -ASFR42=01500h-0156Fh \
  -ASFR43=01580h-015EFh -ASFR44=01600h-0166Fh -ASFR45=01680h-016EFh \
  -ASFR46=01700h-0176Fh -ASFR47=01780h-017EFh -ASFR48=01800h-0186Fh \
  -ASFR49=01880h-018EFh -ASFR50=01900h-0196Fh -ASFR51=01980h-019EFh \
  -ASFR52=01A00h-01A6Fh -ASFR53=01A80h-01AEFh -ASFR54=01B00h-01B6Fh \
  -ASFR55=01B80h-01BEFh -ASFR56=01C00h-01C6Fh -ASFR57=01C80h-01CEFh \
  -ASFR58=01D00h-01D6Fh -ASFR59=01D80h-01DEFh -ASFR60=01E00h-01E6Fh \
  -ASFR61=01E80h-01EEFh -ASFR62=01F00h-01F6Fh -ASFR63=01F80h-01FEFh \
  -ACONFIG=08007h-0800Bh -DCONFIG=2 -AIDLOC=08000h-08003h -DIDLOC=2 \
  -DCODE=2 -DSTRCODE=2 -DSTRING=2 -DCONST=2 -DENTRY=2 \
  -preset_vec=00h,intentry=04h,init,end_init -ppowerup=CODE -pcinit=CODE \
  -pfunctab=ENTRY -k /tmp/xcN5xytVs.o \
  dist/default/production/test_nano.production.o 

Object code version is 3.11

Machine type is 16F15244



                Name                               Link     Load   Length Selector   Space Scale
/tmp/xcN5xytVs.o
                end_init                             33       33        2        8       0
                reset_vec                             0        0        2        0       0
                config                             8007     8007        5        0       4
dist/default/production/test_nano.production.o
                cinit                                35       35       21        8       0
                intentry                              4        4       2F        8       0
                config                             8007     8007        5        0       4
                text47                              FE2      FE2        A     1FC4       0
                text46                              7DB      7DB        F      EDC       0
                text45                              FD0      FD0        9     1FA0       0
                text44                              F8A      F8A        4     1F14       0
                text43                              F8E      F8E        4     1F1C       0
                text42                              F80      F80        1     1F00       0
                text41                              F92      F92        4     1F24       0
                text40                              5F7      5F7       39        8       0
                text39                              F81      F81        3     1F02       0
                text38                              7CC      7CC        F      EDC       0
                text37                              FD9      FD9        9     1FB2       0
                text35                              7EA      7EA        D      EDC       0
                text34                              F84      F84        3     1F08       0
                text33                              4E5      4E5       4F        8       0
                text32                              FA0      FA0        6     1F40       0
                text31                              7BC      7BC       10      EDC       0
                text30                              FA6      FA6        6     1F4C       0
                text29                              FAC      FAC        6     1F58       0
                text28                              FB2      FB2        6     1F64       0
                text27                              FB8      FB8        6     1F70       0
                text26                              663      663       32        8       0
                text25                              F96      F96        5     1F2C       0
                text24                              FBE      FBE        6     1F7C       0
                text23                              57A      57A       44        8       0
                text22                              783      783       14      EDC       0
                text21                              F87      F87        3     1F0E       0
                text20                              797      797       13      EDC       0
                text19                              741      741       18        8       0
                text18                              F9B      F9B        5     1F36       0
                text17                              1C6      1C6      101        8       0
                text16                              2C7      2C7       EA        8       0
                text15                              727      727       1A        8       0
                text14                              FEC      FEC        A     1FD8       0
                text13                              FC4      FC4        6     1F88       0
                text12                              534      534       46        8       0
                text11                              6C6      6C6       29        8       0
                text10                              70D      70D       1A        8       0
                text9                               48C      48C       59        8       0
                text8                                56       56      170        8       0
                text7                               3B1      3B1       DB        8       0
                text6                               695      695       31        8       0
                text5                               7AA      7AA       12      EDC       0
                text4                               630      630       33        8       0
                text3                               76E      76E       15      EDC       0
                text2                               FF6      FF6        A     1FEC       0
                text1                               6EF      6EF       1E        8       0
                maintext                            5BE      5BE       39        8       0
                cstackBANK0                          20       20       4E       20       1
                cstackCOMMON                         70       70        C       70       1
                cstackBANK1                          CD       CD        4       A0       1
                clrtext                             FCA      FCA        6     1F94       0
                bssBANK2                            120      120       20      120       1
                dataBANK1                            D1       D1        2       A0       1
                bssBANK1                             A0       A0       21       A0       1
                bssBANK0                             6E       6E        2       20       1
                bssCOMMON                            7C       7C        1       70       1
                stringtext3                         7F7      7F7        9      FEE       0
                stringtext2                         759      759       15      EB2       0
                nvBANK1                              C1       C1        C       A0       1
                stringtext1                         800      800        4      FEE       0
                idataBANK1                            2        2        2        0       0

TOTAL           Name                               Link     Load   Length     Space
        CLASS   STACK          

        CLASS   CODE           
                end_init                             33       33        2         0
                cinit                                35       35       21         0
                intentry                              4        4       2F         0
                reset_vec                             0        0        2         0
                text47                              FE2      FE2        A         0
                text46                              7DB      7DB        F         0
                text45                              FD0      FD0        9         0
                text44                              F8A      F8A        4         0
                text43                              F8E      F8E        4         0
                text42                              F80      F80        1         0
                text41                              F92      F92        4         0
                text40                              5F7      5F7       39         0
                text39                              F81      F81        3         0
                text38                              7CC      7CC        F         0
                text37                              FD9      FD9        9         0
                text35                              7EA      7EA        D         0
                text34                              F84      F84        3         0
                text33                              4E5      4E5       4F         0
                text32                              FA0      FA0        6         0
                text31                              7BC      7BC       10         0
                text30                              FA6      FA6        6         0
                text29                              FAC      FAC        6         0
                text28                              FB2      FB2        6         0
                text27                              FB8      FB8        6         0
                text26                              663      663       32         0
                text25                              F96      F96        5         0
                text24                              FBE      FBE        6         0
                text23                              57A      57A       44         0
                text22                              783      783       14         0
                text21                              F87      F87        3         0
                text20                              797      797       13         0
                text19                              741      741       18         0
                text18                              F9B      F9B        5         0
                text17                              1C6      1C6      101         0
                text16                              2C7      2C7       EA         0
                text15                              727      727       1A         0
                text14                              FEC      FEC        A         0
                text13                              FC4      FC4        6         0
                text12                              534      534       46         0
                text11                              6C6      6C6       29         0
                text10                              70D      70D       1A         0
                text9                               48C      48C       59         0
                text8                                56       56      170         0
                text7                               3B1      3B1       DB         0
                text6                               695      695       31         0
                text5                               7AA      7AA       12         0
                text4                               630      630       33         0
                text3                               76E      76E       15         0
                text2                               FF6      FF6        A         0
                text1                               6EF      6EF       1E         0
                maintext                            5BE      5BE       39         0
                clrtext                             FCA      FCA        6         0
                idataBANK1                            2        2        2         0

        CLASS   STRCODE        
                stringtext3                         7F7      7F7        9         0
                stringtext2                         759      759       15         0
                stringtext1                         800      800        4         0

        CLASS   STRING         

        CLASS   CONST          

        CLASS   ENTRY          

        CLASS   COMMON         
                cstackCOMMON                         70       70        C         1
                bssCOMMON                            7C       7C        1         1

        CLASS   BANK0          
                cstackBANK0                          20       20       4E         1
                bssBANK0                             6E       6E        2         1

        CLASS   BANK1          
                cstackBANK1                          CD       CD        4         1
                dataBANK1                            D1       D1        2         1
                bssBANK1                             A0       A0       21         1
                nvBANK1                              C1       C1        C         1

        CLASS   BANK2          
                bssBANK2                            120      120       20         1

        CLASS   BANK3          

        CLASS   BANK4          

        CLASS   BANK5          

        CLASS   BANK6          

        CLASS   BIGRAM         

        CLASS   RAM            

        CLASS   ABS1           
                abs_s1                               7E       7E        2         1

        CLASS   SFR0           

        CLASS   SFR1           

        CLASS   SFR2           

        CLASS   SFR3           

        CLASS   SFR4           

        CLASS   SFR5           

        CLASS   SFR6           

        CLASS   SFR7           

        CLASS   SFR8           

        CLASS   SFR9           

        CLASS   SFR10          

        CLASS   SFR11          

        CLASS   SFR12          

        CLASS   SFR13          

        CLASS   SFR14          

        CLASS   SFR15          

        CLASS   SFR16          

        CLASS   SFR17          

        CLASS   SFR18          

        CLASS   SFR19          

        CLASS   SFR20          

        CLASS   SFR21          

        CLASS   SFR22          

        CLASS   SFR23          

        CLASS   SFR24          

        CLASS   SFR25          

        CLASS   SFR26          

        CLASS   SFR27          

        CLASS   SFR28          

        CLASS   SFR29          

        CLASS   SFR30          

        CLASS   SFR31          

        CLASS   SFR32          

        CLASS   SFR33          

        CLASS   SFR34          

        CLASS   SFR35          

        CLASS   SFR36          

        CLASS   SFR37          

        CLASS   SFR38          

        CLASS   SFR39          

        CLASS   SFR40          

        CLASS   SFR41          

        CLASS   SFR42          

        CLASS   SFR43          

        CLASS   SFR44          

        CLASS   SFR45          

        CLASS   SFR46          

        CLASS   SFR47          

        CLASS   SFR48          

        CLASS   SFR49          

        CLASS   SFR50          

        CLASS   SFR51          

        CLASS   SFR52          

        CLASS   SFR53          

        CLASS   SFR54          

        CLASS   SFR55          

        CLASS   SFR56          

        CLASS   SFR57          

        CLASS   SFR58          

        CLASS   SFR59          

        CLASS   SFR60          

        CLASS   SFR61          

        CLASS   SFR62          

        CLASS   SFR63          

        CLASS   CONFIG         
                config                             8007     8007        5         4

        CLASS   IDLOC          

        CLASS   BANK63         

        CLASS   BANK62         

        CLASS   BANK61         

        CLASS   BANK60         

        CLASS   BANK59         

        CLASS   BANK58         

        CLASS   BANK57         

        CLASS   BANK56         

        CLASS   BANK55         

        CLASS   BANK54         

        CLASS   BANK53         

        CLASS   BANK52         

        CLASS   BANK51         

        CLASS   BANK50         

        CLASS   BANK49         

        CLASS   BANK48         

        CLASS   BANK47         

        CLASS   BANK46         

        CLASS   BANK45         

        CLASS   BANK44         

        CLASS   BANK43         

        CLASS   BANK42         

        CLASS   BANK41         

        CLASS   BANK40         

        CLASS   BANK39         

        CLASS   BANK38         

        CLASS   BANK37         

        CLASS   BANK36         

        CLASS   BANK35         

        CLASS   BANK34         

        CLASS   BANK33         

        CLASS   BANK32         

        CLASS   BANK31         

        CLASS   BANK30         

        CLASS   BANK29         

        CLASS   BANK28         

        CLASS   BANK27         

        CLASS   BANK26         

        CLASS   BANK25         

        CLASS   BANK24         

        CLASS   BANK23         

        CLASS   BANK22         

        CLASS   BANK21         

        CLASS   BANK20         

        CLASS   BANK19         

        CLASS   BANK18         

        CLASS   BANK17         

        CLASS   BANK16         

        CLASS   BANK15         

        CLASS   BANK14         

        CLASS   BANK13         

        CLASS   BANK12         

        CLASS   BANK11         

        CLASS   BANK10         

        CLASS   BANK9          

        CLASS   BANK8          

        CLASS   BANK7          

        CLASS   EEDATA         



SEGMENTS        Name                           Load    Length   Top    Selector   Space  Class     Delta

                text30                         000FA6  000006  000FAC      1F4C       0  CODE        2
                text29                         000FAC  000006  000FB2      1F58       0  CODE        2
                text45                         000FD0  000009  000FD9      1FA0       0  CODE        2
                clrtext                        000FCA  000006  000FD0      1F94       0  CODE        2
                stringtext3                    0007F7  00000D  000804       FEE       0  STRCODE     2
                text37                         000FD9  000009  000FE2      1FB2       0  CODE        2
                text27                         000FB8  000006  000FBE      1F70       0  CODE        2
                text28                         000FB2  000006  000FB8      1F64       0  CODE        2
                text13                         000FC4  000006  000FCA      1F88       0  CODE        2
                text24                         000FBE  000006  000FC4      1F7C       0  CODE        2
                text32                         000FA0  000006  000FA6      1F40       0  CODE        2
                text41                         000F92  000004  000F96      1F24       0  CODE        2
                reset_vec                      000000  000004  000004         0       0  CODE        2
                text43                         000F8E  000004  000F92      1F1C       0  CODE        2
                text25                         000F96  000005  000F9B      1F2C       0  CODE        2
                text18                         000F9B  000005  000FA0      1F36       0  CODE        2
                text47                         000FE2  00000A  000FEC      1FC4       0  CODE        2
                text3                          00076E  000089  0007F7       EDC       0  CODE        2
                stringtext2                    000759  000015  00076E       EB2       0  STRCODE     2
                text14                         000FEC  00000A  000FF6      1FD8       0  CODE        2
                text2                          000FF6  00000A  001000      1FEC       0  CODE        2
                text21                         000F87  000003  000F8A      1F0E       0  CODE        2
                text44                         000F8A  000004  000F8E      1F14       0  CODE        2
                text42                         000F80  000001  000F81      1F00       0  CODE        2
                text34                         000F84  000003  000F87      1F08       0  CODE        2
                text39                         000F81  000003  000F84      1F02       0  CODE        2
                bssBANK2                       000120  000020  000140       120       1  BANK2       1
                intentry                       000004  000755  000759         8       0  CODE        2
                bssBANK1                       0000A0  000033  0000D3        A0       1  BANK1       1
                cstackCOMMON                   000070  00000D  00007D        70       1  COMMON      1
                cstackBANK0                    000020  000050  000070        20       1  BANK0       1


UNUSED ADDRESS RANGES

        Name                Unused          Largest block    Delta
        BANK1            000D3-000EF              1D           1
        BANK2            00140-0016F              30           1
        BANK3            001A0-001EF              50           1
        BANK4            00220-0026F              50           1
        BANK5            002A0-002EF              50           1
        BANK6            00320-0032F              10           1
        BIGRAM           02000-021EF             1F0           1
        CODE             00804-00F7F             77C           2
        COMMON           0007D-0007D               1           1
        CONST            00804-00F7F             100           2
        ENTRY            00804-00F7F             100           2
        IDLOC            08000-08003               4           2
        RAM              000D3-000EF              1D           1
                         00140-0016F              30
                         001A0-001EF              50
                         00220-0026F              50
                         002A0-002EF              50
                         00320-0032F              10
        SFR0             00000-0001F              20           1
        SFR1             00080-0009F              20           1
        SFR10            00500-0056F              70           1
        SFR11            00580-005EF              70           1
        SFR12            00600-0066F              70           1
        SFR13            00680-006EF              70           1
        SFR14            00700-0076F              70           1
        SFR15            00780-007EF              70           1
        SFR16            00800-0086F              70           1
        SFR17            00880-008EF              70           1
        SFR18            00900-0096F              70           1
        SFR19            00980-009EF              70           1
        SFR2             00100-0011F              20           1
        SFR20            00A00-00A6F              70           1
        SFR21            00A80-00AEF              70           1
        SFR22            00B00-00B6F              70           1
        SFR23            00B80-00BEF              70           1
        SFR24            00C00-00C6F              70           1
        SFR25            00C80-00CEF              70           1
        SFR26            00D00-00D6F              70           1
        SFR27            00D80-00DEF              70           1
        SFR28            00E00-00E6F              70           1
        SFR29            00E80-00EEF              70           1
        SFR3             00180-0019F              20           1
        SFR30            00F00-00F6F              70           1
        SFR31            00F80-00FEF              70           1
        SFR32            01000-0106F              70           1
        SFR33            01080-010EF              70           1
        SFR34            01100-0116F              70           1
        SFR35            01180-011EF              70           1
        SFR36            01200-0126F              70           1
        SFR37            01280-012EF              70           1
        SFR38            01300-0136F              70           1
        SFR39            01380-013EF              70           1
        SFR4             00200-0021F              20           1
        SFR40            01400-0146F              70           1
        SFR41            01480-014EF              70           1
        SFR42            01500-0156F              70           1
        SFR43            01580-015EF              70           1
        SFR44            01600-0166F              70           1
        SFR45            01680-016EF              70           1
        SFR46            01700-0176F              70           1
        SFR47            01780-017EF              70           1
        SFR48            01800-0186F              70           1
        SFR49            01880-018EF              70           1
        SFR5             00280-0029F              20           1
        SFR50            01900-0196F              70           1
        SFR51            01980-019EF              70           1
        SFR52            01A00-01A6F              70           1
        SFR53            01A80-01AEF              70           1
        SFR54            01B00-01B6F              70           1
        SFR55            01B80-01BEF              70           1
        SFR56            01C00-01C6F              70           1
        SFR57            01C80-01CEF              70           1
        SFR58            01D00-01D6F              70           1
        SFR59            01D80-01DEF              70           1
        SFR6             00300-0031F              20           1
        SFR60            01E00-01E6F              70           1
        SFR61            01E80-01EEF              70           1
        SFR62            01F00-01F6F              70           1
        SFR63            01F80-01FEF              70           1
        SFR7             00380-003EF              70           1
        SFR8             00400-0046F              70           1
        SFR9             00480-004EF              70           1
        STACK            020C0-021EF             130           1
        STRCODE          00804-00F7F             77C           2
        STRING           00804-00F7F             100           2

                                  Symbol Table

?___aodiv                                       cstackBANK0  00020
?___aomod                                       cstackBANK0  00020
?_abs                                           cstackCOMMON 00074
?_dtoa                                          cstackBANK0  00030
?_fputc                                         cstackCOMMON 00073
?_pad                                           cstackBANK0  00027
?_printf                                        cstackBANK0  00066
?_strlen                                        cstackCOMMON 00071
?_vfpfcnvrt                                     cstackBANK0  0004E
?_vfprintf                                      cstackBANK0  0005E
ADC_SelectChannel@channel                       cstackCOMMON 00072
ADC_SetInterruptHandler@InterruptHandler        cstackCOMMON 00071
EUSART1_SetErrorHandler@interruptHandler        cstackCOMMON 00071
EUSART1_SetFramingErrorHandler@interruptHandler cstackCOMMON 00071
EUSART1_SetOverrunErrorHandler@interruptHandler cstackCOMMON 00071
EUSART1_SetRxInterruptHandler@interruptHandler  cstackCOMMON 00071
EUSART1_Write@txData                            cstackCOMMON 00071
IOCCF2_SetInterruptHandler@InterruptHandler     cstackCOMMON 00071
SPI1_Open@spi1UniqueConfiguration               cstackCOMMON 00074
SPI1_WriteByte@byte                             cstackCOMMON 00071
_ADACTPPS                                       (abs)        01EC3
_ADCON0                                         (abs)        0009D
_ADCON0bits                                     (abs)        0009D
_ADCON1                                         (abs)        0009E
_ADC_DefaultInterruptHandler                    text47       00FE2
_ADC_ISR                                        text46       007DB
_ADC_Initialize                                 text31       007BC
_ADC_InterruptHandler                           nvBANK1      000C1
_ADC_SelectChannel                              text35       007EA
_ADC_SetInterruptHandler                        text32       00FA0
_ADC_StartConversion                            text34       00F84
_ADRESH                                         (abs)        0009C
_ADRESL                                         (abs)        0009B
_ANSELA                                         (abs)        01F38
_ANSELB                                         (abs)        01F43
_ANSELC                                         (abs)        01F4E
_BAUD1CON                                       (abs)        0011F
_EUSART1_DefaultErrorHandler                    text43       00F8E
_EUSART1_DefaultFramingErrorHandler             text42       00F80
_EUSART1_DefaultOverrunErrorHandler             text41       00F92
_EUSART1_ErrorHandler                           nvBANK1      000C3
_EUSART1_FramingErrorHandler                    nvBANK1      000C7
_EUSART1_Initialize                             text26       00663
_EUSART1_OverrunErrorHandler                    nvBANK1      000C5
_EUSART1_Receive_ISR                            text40       005F7
_EUSART1_RxCustomHandler                        text45       00FD0
_EUSART1_RxDataHandler                          text44       00F8A
_EUSART1_RxDefaultInterruptHandler              nvBANK1      000CB
_EUSART1_SetErrorHandler                        text30       00FA6
_EUSART1_SetFramingErrorHandler                 text29       00FAC
_EUSART1_SetOverrunErrorHandler                 text28       00FB2
_EUSART1_SetRxInterruptHandler                  text27       00FB8
_EUSART1_Write                                  text14       00FEC
_FLAGS                                          bssBANK0     0006F
_INLVLA                                         (abs)        01F3C
_INLVLB                                         (abs)        01F47
_INLVLC                                         (abs)        01F52
_INTCONbits                                     (abs)        0000B
_INTERRUPT_InterruptManager                     intentry     00004
_IOCCF2_DefaultInterruptHandler                 text39       00F81
_IOCCF2_ISR                                     text38       007CC
_IOCCF2_InterruptHandler                        nvBANK1      000C9
_IOCCF2_SetInterruptHandler                     text24       00FBE
_IOCCFbits                                      (abs)        01F55
_IOCCNbits                                      (abs)        01F54
_IOCCPbits                                      (abs)        01F53
_LATA                                           (abs)        00018
_LATAbits                                       (abs)        00018
_LATB                                           (abs)        00019
_LATC                                           (abs)        0001A
_ODCONA                                         (abs)        01F3A
_ODCONB                                         (abs)        01F45
_ODCONC                                         (abs)        01F50
_OSCEN                                          (abs)        00891
_OSCFRQ                                         (abs)        00893
_OSCILLATOR_Initialize                          text25       00F96
_OSCTUNE                                        (abs)        00892
_PIE0bits                                       (abs)        00716
_PIE1bits                                       (abs)        00717
_PIN_MANAGER_IOC                                text37       00FD9
_PIN_MANAGER_Initialize                         text23       0057A
_PIR0bits                                       (abs)        0070C
_PIR1bits                                       (abs)        0070D
_RC0PPS                                         (abs)        01F20
_RC1REG                                         (abs)        00119
_RC1STA                                         (abs)        0011D
_RC1STAbits                                     (abs)        0011D
_RC4PPS                                         (abs)        01F24
_RC6PPS                                         (abs)        01F26
_RX1PPS                                         (abs)        01ECB
_SLRCONA                                        (abs)        01F3B
_SLRCONB                                        (abs)        01F46
_SLRCONC                                        (abs)        01F51
_SP1BRGH                                        (abs)        0011C
_SP1BRGL                                        (abs)        0011B
_SPI1_Initialize                                text22       00783
_SPI1_Open                                      text33       004E5
_SPI1_WriteByte                                 text18       00F9B
_SSP1ADD                                        (abs)        0018D
_SSP1BUF                                        (abs)        0018C
_SSP1CLKPPS                                     (abs)        01EC5
_SSP1CON1                                       (abs)        00190
_SSP1CON1bits                                   (abs)        00190
_SSP1CON2                                       (abs)        00191
_SSP1DATPPS                                     (abs)        01EC6
_SSP1STAT                                       (abs)        0018F
_SYSTEM_Initialize                              text20       00797
_TRISA                                          (abs)        00012
_TRISB                                          (abs)        00013
_TRISC                                          (abs)        00014
_TRISCbits                                      (abs)        00014
_TX1REG                                         (abs)        0011A
_TX1STA                                         (abs)        0011E
_TX1STAbits                                     (abs)        0011E
_WDTCON                                         (abs)        0080C
_WDT_Initialize                                 text21       00F87
_WPUA                                           (abs)        01F39
_WPUB                                           (abs)        01F44
_WPUC                                           (abs)        01F4F
__Habs1                                         abs1         00000
__Hbank0                                        bank0        00000
__Hbank1                                        bank1        00000
__Hbank10                                       bank10       00000
__Hbank11                                       bank11       00000
__Hbank12                                       bank12       00000
__Hbank13                                       bank13       00000
__Hbank14                                       bank14       00000
__Hbank15                                       bank15       00000
__Hbank16                                       bank16       00000
__Hbank17                                       bank17       00000
__Hbank18                                       bank18       00000
__Hbank19                                       bank19       00000
__Hbank2                                        bank2        00000
__Hbank20                                       bank20       00000
__Hbank21                                       bank21       00000
__Hbank22                                       bank22       00000
__Hbank23                                       bank23       00000
__Hbank24                                       bank24       00000
__Hbank25                                       bank25       00000
__Hbank26                                       bank26       00000
__Hbank27                                       bank27       00000
__Hbank28                                       bank28       00000
__Hbank29                                       bank29       00000
__Hbank3                                        bank3        00000
__Hbank30                                       bank30       00000
__Hbank31                                       bank31       00000
__Hbank32                                       bank32       00000
__Hbank33                                       bank33       00000
__Hbank34                                       bank34       00000
__Hbank35                                       bank35       00000
__Hbank36                                       bank36       00000
__Hbank37                                       bank37       00000
__Hbank38                                       bank38       00000
__Hbank39                                       bank39       00000
__Hbank4                                        bank4        00000
__Hbank40                                       bank40       00000
__Hbank41                                       bank41       00000
__Hbank42                                       bank42       00000
__Hbank43                                       bank43       00000
__Hbank44                                       bank44       00000
__Hbank45                                       bank45       00000
__Hbank46                                       bank46       00000
__Hbank47                                       bank47       00000
__Hbank48                                       bank48       00000
__Hbank49                                       bank49       00000
__Hbank5                                        bank5        00000
__Hbank50                                       bank50       00000
__Hbank51                                       bank51       00000
__Hbank52                                       bank52       00000
__Hbank53                                       bank53       00000
__Hbank54                                       bank54       00000
__Hbank55                                       bank55       00000
__Hbank56                                       bank56       00000
__Hbank57                                       bank57       00000
__Hbank58                                       bank58       00000
__Hbank59                                       bank59       00000
__Hbank6                                        bank6        00000
__Hbank60                                       bank60       00000
__Hbank61                                       bank61       00000
__Hbank62                                       bank62       00000
__Hbank63                                       bank63       00000
__Hbank7                                        bank7        00000
__Hbank8                                        bank8        00000
__Hbank9                                        bank9        00000
__Hbigram                                       bigram       00000
__HbssBANK0                                     bssBANK0     00000
__HbssBANK1                                     bssBANK1     00000
__HbssBANK2                                     bssBANK2     00000
__HbssCOMMON                                    bssCOMMON    00000
__Hcinit                                        cinit        00056
__Hclrtext                                      clrtext      00000
__Hcode                                         code         00000
__Hcommon                                       common       00000
__Hconfig                                       config       0800C
__HcstackBANK0                                  cstackBANK0  00000
__HcstackBANK1                                  cstackBANK1  00000
__HcstackCOMMON                                 cstackCOMMON 00000
__HdataBANK1                                    dataBANK1    00000
__Heeprom_data                                  eeprom_data  00000
__Hend_init                                     end_init     00035
__Hfunctab                                      functab      00000
__HidataBANK1                                   idataBANK1   00000
__Hinit                                         init         00033
__Hintentry                                     intentry     00033
__Hmaintext                                     maintext     00000
__HnvBANK1                                      nvBANK1      00000
__Hpowerup                                      powerup      00000
__Hram                                          ram          00000
__Hreset_vec                                    reset_vec    00002
__Hsfr0                                         sfr0         00000
__Hsfr1                                         sfr1         00000
__Hsfr10                                        sfr10        00000
__Hsfr11                                        sfr11        00000
__Hsfr12                                        sfr12        00000
__Hsfr13                                        sfr13        00000
__Hsfr14                                        sfr14        00000
__Hsfr15                                        sfr15        00000
__Hsfr16                                        sfr16        00000
__Hsfr17                                        sfr17        00000
__Hsfr18                                        sfr18        00000
__Hsfr19                                        sfr19        00000
__Hsfr2                                         sfr2         00000
__Hsfr20                                        sfr20        00000
__Hsfr21                                        sfr21        00000
__Hsfr22                                        sfr22        00000
__Hsfr23                                        sfr23        00000
__Hsfr24                                        sfr24        00000
__Hsfr25                                        sfr25        00000
__Hsfr26                                        sfr26        00000
__Hsfr27                                        sfr27        00000
__Hsfr28                                        sfr28        00000
__Hsfr29                                        sfr29        00000
__Hsfr3                                         sfr3         00000
__Hsfr30                                        sfr30        00000
__Hsfr31                                        sfr31        00000
__Hsfr32                                        sfr32        00000
__Hsfr33                                        sfr33        00000
__Hsfr34                                        sfr34        00000
__Hsfr35                                        sfr35        00000
__Hsfr36                                        sfr36        00000
__Hsfr37                                        sfr37        00000
__Hsfr38                                        sfr38        00000
__Hsfr39                                        sfr39        00000
__Hsfr4                                         sfr4         00000
__Hsfr40                                        sfr40        00000
__Hsfr41                                        sfr41        00000
__Hsfr42                                        sfr42        00000
__Hsfr43                                        sfr43        00000
__Hsfr44                                        sfr44        00000
__Hsfr45                                        sfr45        00000
__Hsfr46                                        sfr46        00000
__Hsfr47                                        sfr47        00000
__Hsfr48                                        sfr48        00000
__Hsfr49                                        sfr49        00000
__Hsfr5                                         sfr5         00000
__Hsfr50                                        sfr50        00000
__Hsfr51                                        sfr51        00000
__Hsfr52                                        sfr52        00000
__Hsfr53                                        sfr53        00000
__Hsfr54                                        sfr54        00000
__Hsfr55                                        sfr55        00000
__Hsfr56                                        sfr56        00000
__Hsfr57                                        sfr57        00000
__Hsfr58                                        sfr58        00000
__Hsfr59                                        sfr59        00000
__Hsfr6                                         sfr6         00000
__Hsfr60                                        sfr60        00000
__Hsfr61                                        sfr61        00000
__Hsfr62                                        sfr62        00000
__Hsfr63                                        sfr63        00000
__Hsfr7                                         sfr7         00000
__Hsfr8                                         sfr8         00000
__Hsfr9                                         sfr9         00000
__Hspace_0                                      (abs)        01000
__Hspace_1                                      (abs)        00140
__Hspace_2                                      (abs)        00000
__Hspace_3                                      (abs)        00000
__Hspace_4                                      (abs)        10013
__Hstack                                        stack        00000
__Hstrings                                      strings      00000
__Hstringtext1                                  stringtext1  00000
__Hstringtext2                                  stringtext2  00000
__Hstringtext3                                  stringtext3  00000
__Hstringtext4                                  stringtext4  00000
__Htext                                         text         00000
__Labs1                                         abs1         00000
__Lbank0                                        bank0        00000
__Lbank1                                        bank1        00000
__Lbank10                                       bank10       00000
__Lbank11                                       bank11       00000
__Lbank12                                       bank12       00000
__Lbank13                                       bank13       00000
__Lbank14                                       bank14       00000
__Lbank15                                       bank15       00000
__Lbank16                                       bank16       00000
__Lbank17                                       bank17       00000
__Lbank18                                       bank18       00000
__Lbank19                                       bank19       00000
__Lbank2                                        bank2        00000
__Lbank20                                       bank20       00000
__Lbank21                                       bank21       00000
__Lbank22                                       bank22       00000
__Lbank23                                       bank23       00000
__Lbank24                                       bank24       00000
__Lbank25                                       bank25       00000
__Lbank26                                       bank26       00000
__Lbank27                                       bank27       00000
__Lbank28                                       bank28       00000
__Lbank29                                       bank29       00000
__Lbank3                                        bank3        00000
__Lbank30                                       bank30       00000
__Lbank31                                       bank31       00000
__Lbank32                                       bank32       00000
__Lbank33                                       bank33       00000
__Lbank34                                       bank34       00000
__Lbank35                                       bank35       00000
__Lbank36                                       bank36       00000
__Lbank37                                       bank37       00000
__Lbank38                                       bank38       00000
__Lbank39                                       bank39       00000
__Lbank4                                        bank4        00000
__Lbank40                                       bank40       00000
__Lbank41                                       bank41       00000
__Lbank42                                       bank42       00000
__Lbank43                                       bank43       00000
__Lbank44                                       bank44       00000
__Lbank45                                       bank45       00000
__Lbank46                                       bank46       00000
__Lbank47                                       bank47       00000
__Lbank48                                       bank48       00000
__Lbank49                                       bank49       00000
__Lbank5                                        bank5        00000
__Lbank50                                       bank50       00000
__Lbank51                                       bank51       00000
__Lbank52                                       bank52       00000
__Lbank53                                       bank53       00000
__Lbank54                                       bank54       00000
__Lbank55                                       bank55       00000
__Lbank56                                       bank56       00000
__Lbank57                                       bank57       00000
__Lbank58                                       bank58       00000
__Lbank59                                       bank59       00000
__Lbank6                                        bank6        00000
__Lbank60                                       bank60       00000
__Lbank61                                       bank61       00000
__Lbank62                                       bank62       00000
__Lbank63                                       bank63       00000
__Lbank7                                        bank7        00000
__Lbank8                                        bank8        00000
__Lbank9                                        bank9        00000
__Lbigram                                       bigram       00000
__LbssBANK0                                     bssBANK0     00000
__LbssBANK1                                     bssBANK1     00000
__LbssBANK2                                     bssBANK2     00000
__LbssCOMMON                                    bssCOMMON    00000
__Lcinit                                        cinit        00035
__Lclrtext                                      clrtext      00000
__Lcode                                         code         00000
__Lcommon                                       common       00000
__Lconfig                                       config       00000
__LcstackBANK0                                  cstackBANK0  00000
__LcstackBANK1                                  cstackBANK1  00000
__LcstackCOMMON                                 cstackCOMMON 00000
__LdataBANK1                                    dataBANK1    00000
__Leeprom_data                                  eeprom_data  00000
__Lend_init                                     end_init     00033
__Lfunctab                                      functab      00000
__LidataBANK1                                   idataBANK1   00000
__Linit                                         init         00033
__Lintentry                                     intentry     00004
__Lmaintext                                     maintext     00000
__LnvBANK1                                      nvBANK1      00000
__Lpowerup                                      powerup      00000
__Lram                                          ram          00000
__Lreset_vec                                    reset_vec    00000
__Lsfr0                                         sfr0         00000
__Lsfr1                                         sfr1         00000
__Lsfr10                                        sfr10        00000
__Lsfr11                                        sfr11        00000
__Lsfr12                                        sfr12        00000
__Lsfr13                                        sfr13        00000
__Lsfr14                                        sfr14        00000
__Lsfr15                                        sfr15        00000
__Lsfr16                                        sfr16        00000
__Lsfr17                                        sfr17        00000
__Lsfr18                                        sfr18        00000
__Lsfr19                                        sfr19        00000
__Lsfr2                                         sfr2         00000
__Lsfr20                                        sfr20        00000
__Lsfr21                                        sfr21        00000
__Lsfr22                                        sfr22        00000
__Lsfr23                                        sfr23        00000
__Lsfr24                                        sfr24        00000
__Lsfr25                                        sfr25        00000
__Lsfr26                                        sfr26        00000
__Lsfr27                                        sfr27        00000
__Lsfr28                                        sfr28        00000
__Lsfr29                                        sfr29        00000
__Lsfr3                                         sfr3         00000
__Lsfr30                                        sfr30        00000
__Lsfr31                                        sfr31        00000
__Lsfr32                                        sfr32        00000
__Lsfr33                                        sfr33        00000
__Lsfr34                                        sfr34        00000
__Lsfr35                                        sfr35        00000
__Lsfr36                                        sfr36        00000
__Lsfr37                                        sfr37        00000
__Lsfr38                                        sfr38        00000
__Lsfr39                                        sfr39        00000
__Lsfr4                                         sfr4         00000
__Lsfr40                                        sfr40        00000
__Lsfr41                                        sfr41        00000
__Lsfr42                                        sfr42        00000
__Lsfr43                                        sfr43        00000
__Lsfr44                                        sfr44        00000
__Lsfr45                                        sfr45        00000
__Lsfr46                                        sfr46        00000
__Lsfr47                                        sfr47        00000
__Lsfr48                                        sfr48        00000
__Lsfr49                                        sfr49        00000
__Lsfr5                                         sfr5         00000
__Lsfr50                                        sfr50        00000
__Lsfr51                                        sfr51        00000
__Lsfr52                                        sfr52        00000
__Lsfr53                                        sfr53        00000
__Lsfr54                                        sfr54        00000
__Lsfr55                                        sfr55        00000
__Lsfr56                                        sfr56        00000
__Lsfr57                                        sfr57        00000
__Lsfr58                                        sfr58        00000
__Lsfr59                                        sfr59        00000
__Lsfr6                                         sfr6         00000
__Lsfr60                                        sfr60        00000
__Lsfr61                                        sfr61        00000
__Lsfr62                                        sfr62        00000
__Lsfr63                                        sfr63        00000
__Lsfr7                                         sfr7         00000
__Lsfr8                                         sfr8         00000
__Lsfr9                                         sfr9         00000
__Lspace_0                                      (abs)        00000
__Lspace_1                                      (abs)        00000
__Lspace_2                                      (abs)        00000
__Lspace_3                                      (abs)        00000
__Lspace_4                                      (abs)        00000
__Lstack                                        stack        00000
__Lstrings                                      strings      00000
__Lstringtext1                                  stringtext1  00000
__Lstringtext2                                  stringtext2  00000
__Lstringtext3                                  stringtext3  00000
__Lstringtext4                                  stringtext4  00000
__Ltext                                         text         00000
__S0                                            (abs)        01000
__S1                                            (abs)        00140
__S2                                            (abs)        00000
___aodiv                                        text17       001C6
___aodiv@counter                                cstackCOMMON 00072
___aodiv@dividend                               cstackBANK0  00028
___aodiv@divisor                                cstackBANK0  00020
___aodiv@quotient                               cstackCOMMON 00074
___aodiv@sign                                   cstackCOMMON 00073
___aomod                                        text16       002C7
___aomod@counter                                cstackCOMMON 00072
___aomod@dividend                               cstackBANK0  00028
___aomod@divisor                                cstackBANK0  00020
___aomod@sign                                   cstackCOMMON 00073
___int_sp                                       stack        00000
___latbits                                      (abs)        00001
___sp                                           stack        00000
___stackhi                                      (abs)        021EF
___stacklo                                      (abs)        020C0
__end_of_ADC_DefaultInterruptHandler            text47       00FEC
__end_of_ADC_ISR                                text46       007EA
__end_of_ADC_Initialize                         text31       007CC
__end_of_ADC_SelectChannel                      text35       007F7
__end_of_ADC_SetInterruptHandler                text32       00FA6
__end_of_ADC_StartConversion                    text34       00F87
__end_of_EUSART1_DefaultErrorHandler            text43       00F92
__end_of_EUSART1_DefaultFramingErrorHandler     text42       00F81
__end_of_EUSART1_DefaultOverrunErrorHandler     text41       00F96
__end_of_EUSART1_Initialize                     text26       00695
__end_of_EUSART1_Receive_ISR                    text40       00630
__end_of_EUSART1_RxCustomHandler                text45       00FD9
__end_of_EUSART1_RxDataHandler                  text44       00F8E
__end_of_EUSART1_SetErrorHandler                text30       00FAC
__end_of_EUSART1_SetFramingErrorHandler         text29       00FB2
__end_of_EUSART1_SetOverrunErrorHandler         text28       00FB8
__end_of_EUSART1_SetRxInterruptHandler          text27       00FBE
__end_of_EUSART1_Write                          text14       00FF6
__end_of_INTERRUPT_InterruptManager             intentry     00033
__end_of_IOCCF2_DefaultInterruptHandler         text39       00F84
__end_of_IOCCF2_ISR                             text38       007DB
__end_of_IOCCF2_SetInterruptHandler             text24       00FC4
__end_of_OSCILLATOR_Initialize                  text25       00F9B
__end_of_PIN_MANAGER_IOC                        text37       00FE2
__end_of_PIN_MANAGER_Initialize                 text23       005BE
__end_of_SPI1_Initialize                        text22       00797
__end_of_SPI1_Open                              text33       00534
__end_of_SPI1_WriteByte                         text18       00FA0
__end_of_SYSTEM_Initialize                      text20       007AA
__end_of_WDT_Initialize                         text21       00F8A
__end_of___aodiv                                text17       002C7
__end_of___aomod                                text16       003B1
__end_of__initialization                        cinit        00052
__end_of_abs                                    text15       00741
__end_of_debouncePushButton                     text19       00759
__end_of_dtoa                                   text8        001C6
__end_of_fputc                                  text12       0057A
__end_of_fputs                                  text11       006EF
__end_of_main                                   maintext     005F7
__end_of_pad                                    text9        004E5
__end_of_printf                                 text5        007BC
__end_of_pushButtonCallback                     text4        00663
__end_of_putch                                  text13       00FCA
__end_of_putchar                                text2        01000
__end_of_receiveSPICallback                     text3        00783
__end_of_receiveSerialCallback                  text1        0070D
__end_of_spi1_configuration                     stringtext1  00804
__end_of_strlen                                 text10       00727
__end_of_vfpfcnvrt                              text7        0048C
__end_of_vfprintf                               text6        006C6
__initialization                                cinit        00035
__pbssBANK0                                     bssBANK0     0006E
__pbssBANK1                                     bssBANK1     000A0
__pbssBANK2                                     bssBANK2     00120
__pbssCOMMON                                    bssCOMMON    0007C
__pcstackBANK0                                  cstackBANK0  00020
__pcstackBANK1                                  cstackBANK1  000CD
__pcstackCOMMON                                 cstackCOMMON 00070
__pdataBANK1                                    dataBANK1    000D1
__pidataBANK1                                   idataBANK1   00002
__pintentry                                     intentry     00004
__pmaintext                                     maintext     005BE
__pnvBANK1                                      nvBANK1      000C1
__pstringtext1                                  stringtext1  00800
__pstringtext2                                  stringtext2  00759
__pstringtext3                                  stringtext3  007F7
__pstringtext4                                  stringtext4  00000
__ptext1                                        text1        006EF
__ptext10                                       text10       0070D
__ptext11                                       text11       006C6
__ptext12                                       text12       00534
__ptext13                                       text13       00FC4
__ptext14                                       text14       00FEC
__ptext15                                       text15       00727
__ptext16                                       text16       002C7
__ptext17                                       text17       001C6
__ptext18                                       text18       00F9B
__ptext19                                       text19       00741
__ptext2                                        text2        00FF6
__ptext20                                       text20       00797
__ptext21                                       text21       00F87
__ptext22                                       text22       00783
__ptext23                                       text23       0057A
__ptext24                                       text24       00FBE
__ptext25                                       text25       00F96
__ptext26                                       text26       00663
__ptext27                                       text27       00FB8
__ptext28                                       text28       00FB2
__ptext29                                       text29       00FAC
__ptext3                                        text3        0076E
__ptext30                                       text30       00FA6
__ptext31                                       text31       007BC
__ptext32                                       text32       00FA0
__ptext33                                       text33       004E5
__ptext34                                       text34       00F84
__ptext35                                       text35       007EA
__ptext37                                       text37       00FD9
__ptext38                                       text38       007CC
__ptext39                                       text39       00F81
__ptext4                                        text4        00630
__ptext40                                       text40       005F7
__ptext41                                       text41       00F92
__ptext42                                       text42       00F80
__ptext43                                       text43       00F8E
__ptext44                                       text44       00F8A
__ptext45                                       text45       00FD0
__ptext46                                       text46       007DB
__ptext47                                       text47       00FE2
__ptext5                                        text5        007AA
__ptext6                                        text6        00695
__ptext7                                        text7        003B1
__ptext8                                        text8        00056
__ptext9                                        text9        0048C
__size_of_ADC_DefaultInterruptHandler           (abs)        00000
__size_of_ADC_ISR                               (abs)        00000
__size_of_ADC_Initialize                        (abs)        00000
__size_of_ADC_SelectChannel                     (abs)        00000
__size_of_ADC_SetInterruptHandler               (abs)        00000
__size_of_ADC_StartConversion                   (abs)        00000
__size_of_EUSART1_DefaultErrorHandler           (abs)        00000
__size_of_EUSART1_DefaultFramingErrorHandler    (abs)        00000
__size_of_EUSART1_DefaultOverrunErrorHandler    (abs)        00000
__size_of_EUSART1_Initialize                    (abs)        00000
__size_of_EUSART1_Receive_ISR                   (abs)        00000
__size_of_EUSART1_RxCustomHandler               (abs)        00000
__size_of_EUSART1_RxDataHandler                 (abs)        00000
__size_of_EUSART1_SetErrorHandler               (abs)        00000
__size_of_EUSART1_SetFramingErrorHandler        (abs)        00000
__size_of_EUSART1_SetOverrunErrorHandler        (abs)        00000
__size_of_EUSART1_SetRxInterruptHandler         (abs)        00000
__size_of_EUSART1_Write                         (abs)        00000
__size_of_INTERRUPT_InterruptManager            (abs)        00000
__size_of_IOCCF2_DefaultInterruptHandler        (abs)        00000
__size_of_IOCCF2_ISR                            (abs)        00000
__size_of_IOCCF2_SetInterruptHandler            (abs)        00000
__size_of_OSCILLATOR_Initialize                 (abs)        00000
__size_of_PIN_MANAGER_IOC                       (abs)        00000
__size_of_PIN_MANAGER_Initialize                (abs)        00000
__size_of_SPI1_Initialize                       (abs)        00000
__size_of_SPI1_Open                             (abs)        00000
__size_of_SPI1_WriteByte                        (abs)        00000
__size_of_SYSTEM_Initialize                     (abs)        00000
__size_of_WDT_Initialize                        (abs)        00000
__size_of___aodiv                               (abs)        00000
__size_of___aomod                               (abs)        00000
__size_of_abs                                   (abs)        00000
__size_of_debouncePushButton                    (abs)        00000
__size_of_dtoa                                  (abs)        00000
__size_of_fputc                                 (abs)        00000
__size_of_fputs                                 (abs)        00000
__size_of_main                                  (abs)        00000
__size_of_pad                                   (abs)        00000
__size_of_printf                                (abs)        00000
__size_of_pushButtonCallback                    (abs)        00000
__size_of_putch                                 (abs)        00000
__size_of_putchar                               (abs)        00000
__size_of_receiveSPICallback                    (abs)        00000
__size_of_receiveSerialCallback                 (abs)        00000
__size_of_strlen                                (abs)        00000
__size_of_vfpfcnvrt                             (abs)        00000
__size_of_vfprintf                              (abs)        00000
_abs                                            text15       00727
_adc_high                                       bssBANK1     000BE
_adc_low                                        bssBANK1     000BF
_dbuf                                           bssBANK2     00120
_debouncePushButton                             text19       00741
_dtoa                                           text8        00056
_dtoa$1362                                      cstackBANK0  0003B
_eusart1RxBuffer                                bssBANK1     000A8
_eusart1RxCount                                 bssBANK1     000B9
_eusart1RxHead                                  bssCOMMON    0007C
_eusart1RxLastError                             bssBANK1     000B8
_eusart1RxStatusBuffer                          bssBANK1     000A0
_eusart1RxTail                                  bssBANK0     0006E
_flags                                          bssBANK1     000B6
_fputc                                          text12       00534
_fputs                                          text11       006C6
_main                                           maintext     005BE
_nout                                           bssBANK1     000B0
_pad                                            text9        0048C
_prec                                           bssBANK1     000B4
_printf                                         text5        007AA
_pushButtonCallback                             text4        00630
_putch                                          text13       00FC4
_putchar                                        text2        00FF6
_receiveSPICallback                             text3        0076E
_receiveSerialCallback                          text1        006EF
_serialRead                                     bssBANK1     000BD
_spi1_configuration                             stringtext1  00800
_strlen                                         text10       0070D
_vfpfcnvrt                                      text7        003B1
_vfprintf                                       text6        00695
_width                                          bssBANK1     000B2
abs@a                                           cstackCOMMON 00074
btemp                                           (abs)        0007E
clear_ram0                                      clrtext      00FCA
debouncePushButton@count                        dataBANK1    000D1
dtoa@d                                          cstackBANK0  00030
dtoa@fp                                         cstackBANK0  0003D
dtoa@i                                          cstackBANK0  0004C
dtoa@n                                          cstackBANK0  00044
dtoa@p                                          cstackBANK0  0003E
dtoa@s                                          cstackBANK0  00042
dtoa@w                                          cstackBANK0  00040
end_of_initialization                           cinit        00052
fputc@c                                         cstackCOMMON 00073
fputc@fp                                        cstackCOMMON 00075
fputs@c                                         cstackBANK0  00023
fputs@fp                                        cstackCOMMON 0007B
fputs@i                                         cstackBANK0  00024
fputs@s                                         cstackBANK0  00026
int$flags                                       (abs)        0007E
intlevel0                                       functab      00000
intlevel1                                       functab      00000
intlevel2                                       functab      00000
intlevel3                                       functab      00000
intlevel4                                       functab      00000
intlevel5                                       functab      00000
pad@buf                                         cstackBANK0  00027
pad@fp                                          cstackBANK0  0002F
pad@i                                           cstackBANK0  0002B
pad@p                                           cstackBANK0  00028
pad@w                                           cstackBANK0  0002D
printf@ap                                       cstackBANK0  0006D
printf@fmt                                      cstackBANK0  00066
putch@txData                                    cstackCOMMON 00072
putchar@c                                       cstackBANK0  00020
reset_vec                                       reset_vec    00000
start                                           init         00033
start_initialization                            cinit        00035
strlen@a                                        cstackCOMMON 00074
strlen@s                                        cstackCOMMON 00075
vfpfcnvrt@ap                                    cstackBANK0  0004F
vfpfcnvrt@fmt                                   cstackBANK0  0004E
vfpfcnvrt@fp                                    cstackBANK0  0005D
vfpfcnvrt@ll                                    cstackBANK0  00055
vfprintf@ap                                     cstackBANK0  00060
vfprintf@cfmt                                   cstackBANK0  00064
vfprintf@fmt                                    cstackBANK0  0005E
vfprintf@fp                                     cstackBANK0  00063
wtemp0                                          (abs)        0007E


MODULE INFORMATION

Module		Function		Class		Link	Load	Size
/Applications/microchip/xc8/v2.32/pic/sources/c99/common/putchar.c
		_putchar       		CODE           	0FF6	0000	10

/Applications/microchip/xc8/v2.32/pic/sources/c99/common/putchar.c estimated size: 10

/Applications/microchip/xc8/v2.32/pic/sources/c99/common/nf_fputc.c
		_fputc         		CODE           	0534	0000	70

/Applications/microchip/xc8/v2.32/pic/sources/c99/common/nf_fputc.c estimated size: 70

/Applications/microchip/xc8/v2.32/pic/sources/c99/common/abs.c
		_abs           		CODE           	0727	0000	26

/Applications/microchip/xc8/v2.32/pic/sources/c99/common/abs.c estimated size: 26

/Applications/microchip/xc8/v2.32/pic/sources/c99/common/aomod.c
		___aomod       		CODE           	02C7	0000	234

/Applications/microchip/xc8/v2.32/pic/sources/c99/common/aomod.c estimated size: 234

mcc_generated_files/interrupt_manager.c
		_INTERRUPT_InterruptManager		CODE           	0004	0000	47

mcc_generated_files/interrupt_manager.c estimated size: 47

/Applications/microchip/xc8/v2.32/pic/sources/c99/common/doprnt.c
		_vfpfcnvrt     		CODE           	03B1	0000	219
		_pad           		CODE           	048C	0000	89
		_dtoa          		CODE           	0056	0000	368
		_vfprintf      		CODE           	0695	0000	49

/Applications/microchip/xc8/v2.32/pic/sources/c99/common/doprnt.c estimated size: 725

mcc_generated_files/pin_manager.c
		_PIN_MANAGER_Initialize		CODE           	057A	0000	68
		_IOCCF2_SetInterruptHandler		CODE           	0FBE	0000	6
		_pushButtonCallback		CODE           	0630	0000	51
		_PIN_MANAGER_IOC		CODE           	0FD9	0000	9
		_IOCCF2_DefaultInterruptHandler		CODE           	0F81	0000	3
		_IOCCF2_ISR    		CODE           	07CC	0000	15
		_debouncePushButton		CODE           	0741	0000	24

mcc_generated_files/pin_manager.c estimated size: 176

mcc_generated_files/spi1.c
		_SPI1_WriteByte		CODE           	0F9B	0000	5
		_SPI1_Open     		CODE           	04E5	0000	79
		_SPI1_Initialize		CODE           	0783	0000	20
		_receiveSPICallback		CODE           	076E	0000	21

mcc_generated_files/spi1.c estimated size: 125

mcc_generated_files/adc.c
		_ADC_DefaultInterruptHandler		CODE           	0FE2	0000	10
		_ADC_Initialize		CODE           	07BC	0000	16
		_ADC_SetInterruptHandler		CODE           	0FA0	0000	6
		_ADC_StartConversion		CODE           	0F84	0000	3
		_ADC_ISR       		CODE           	07DB	0000	15
		_ADC_SelectChannel		CODE           	07EA	0000	13

mcc_generated_files/adc.c estimated size: 63

/Applications/microchip/xc8/v2.32/pic/sources/c99/common/aodiv.c
		___aodiv       		CODE           	01C6	0000	257

/Applications/microchip/xc8/v2.32/pic/sources/c99/common/aodiv.c estimated size: 257

shared
		__initialization		CODE           	0035	0000	29
		_spi1_configuration		STRCODE        	0800	0000	4

shared estimated size: 33

mcc_generated_files/eusart1.c
		_EUSART1_SetRxInterruptHandler		CODE           	0FB8	0000	6
		_EUSART1_Initialize		CODE           	0663	0000	50
		_putch         		CODE           	0FC4	0000	6
		_EUSART1_DefaultErrorHandler		CODE           	0F8E	0000	4
		_EUSART1_SetFramingErrorHandler		CODE           	0FAC	0000	6
		_EUSART1_SetOverrunErrorHandler		CODE           	0FB2	0000	6
		_EUSART1_RxCustomHandler		CODE           	0FD0	0000	9
		_EUSART1_SetErrorHandler		CODE           	0FA6	0000	6
		_EUSART1_Write 		CODE           	0FEC	0000	10
		_EUSART1_Receive_ISR		CODE           	05F7	0000	57
		_EUSART1_RxDataHandler		CODE           	0F8A	0000	4
		_EUSART1_DefaultOverrunErrorHandler		CODE           	0F92	0000	4
		_receiveSerialCallback		CODE           	06EF	0000	30
		_EUSART1_DefaultFramingErrorHandler		CODE           	0F80	0000	1

mcc_generated_files/eusart1.c estimated size: 199

/Applications/microchip/xc8/v2.32/pic/sources/c99/common/nf_fputs.c
		_fputs         		CODE           	06C6	0000	41

/Applications/microchip/xc8/v2.32/pic/sources/c99/common/nf_fputs.c estimated size: 41

mcc_generated_files/mcc.c
		_WDT_Initialize		CODE           	0F87	0000	3
		_OSCILLATOR_Initialize		CODE           	0F96	0000	5
		_SYSTEM_Initialize		CODE           	0797	0000	19

mcc_generated_files/mcc.c estimated size: 27

/Applications/microchip/xc8/v2.32/pic/sources/c99/common/printf.c
		_printf        		CODE           	07AA	0000	18

/Applications/microchip/xc8/v2.32/pic/sources/c99/common/printf.c estimated size: 18

/Applications/microchip/xc8/v2.32/pic/sources/c99/common/strlen.c
		_strlen        		CODE           	070D	0000	26

/Applications/microchip/xc8/v2.32/pic/sources/c99/common/strlen.c estimated size: 26

main.c
		_main          		CODE           	05BE	0000	57

main.c estimated size: 57

