Microchip MPLAB XC8 Compiler V2.32

Linker command line:

-W-3 --edf=/Applications/microchip/xc8/v2.32/pic/dat/en_msgs.txt -cn \
  -h+dist/default/production/test_nano.production.sym \
  --cmf=dist/default/production/test_nano.production.cmf -z -Q16F15244 \
  -o/tmp/xcpAJsxES --defsym=__MPLAB_BUILD=1 \
  -Mdist/default/production/test_nano.production.map -E1 -ver=XC8 Compiler \
  --acfsm=1493 -ASTACK=02070h-021EFh -pstack=STACK -ACODE=00h-07FFhx2 \
  -ASTRCODE=00h-0FFFh -ASTRING=00h-0FFhx16 -ACONST=00h-0FFhx16 \
  -AENTRY=00h-0FFhx16 -ACOMMON=070h-07Fh -ABANK0=020h-06Fh \
  -ABANK1=0A0h-0EFh -ABANK2=0120h-016Fh -ABANK3=01A0h-01EFh \
  -ABANK4=0220h-026Fh -ABANK5=02A0h-02EFh -ABANK6=0320h-032Fh \
  -ABIGRAM=02000h-021EFh \
  -ARAM=020h-06Fh,0A0h-0EFh,0120h-016Fh,01A0h-01EFh,0220h-026Fh,02A0h-02EFh,0320h-032Fh \
  -AABS1=020h-07Fh,0A0h-0EFh,0120h-016Fh,01A0h-01EFh,0220h-026Fh,02A0h-02EFh,0320h-032Fh \
  -ASFR0=00h-01Fh -ASFR1=080h-09Fh -ASFR2=0100h-011Fh -ASFR3=0180h-019Fh \
  -ASFR4=0200h-021Fh -ASFR5=0280h-029Fh -ASFR6=0300h-031Fh \
  -ASFR7=0380h-03EFh -ASFR8=0400h-046Fh -ASFR9=0480h-04EFh \
  -ASFR10=0500h-056Fh -ASFR11=0580h-05EFh -ASFR12=0600h-066Fh \
  -ASFR13=0680h-06EFh -ASFR14=0700h-076Fh -ASFR15=0780h-07EFh \
  -ASFR16=0800h-086Fh -ASFR17=0880h-08EFh -ASFR18=0900h-096Fh \
  -ASFR19=0980h-09EFh -ASFR20=0A00h-0A6Fh -ASFR21=0A80h-0AEFh \
  -ASFR22=0B00h-0B6Fh -ASFR23=0B80h-0BEFh -ASFR24=0C00h-0C6Fh \
  -ASFR25=0C80h-0CEFh -ASFR26=0D00h-0D6Fh -ASFR27=0D80h-0DEFh \
  -ASFR28=0E00h-0E6Fh -ASFR29=0E80h-0EEFh -ASFR30=0F00h-0F6Fh \
  -ASFR31=0F80h-0FEFh -ASFR32=01000h-0106Fh -ASFR33=01080h-010EFh \
  -ASFR34=01100h-0116Fh -ASFR35=01180h-011EFh -ASFR36=01200h-0126Fh \
  -ASFR37=01280h-012EFh -ASFR38=01300h-0136Fh -ASFR39=01380h-013EFh \
  -ASFR40=01400h-0146Fh -ASFR41=01480h-014EFh -ASFR42=01500h-0156Fh \
  -ASFR43=01580h-015EFh -ASFR44=01600h-0166Fh -ASFR45=01680h-016EFh \
  -ASFR46=01700h-0176Fh -ASFR47=01780h-017EFh -ASFR48=01800h-0186Fh \
  -ASFR49=01880h-018EFh -ASFR50=01900h-0196Fh -ASFR51=01980h-019EFh \
  -ASFR52=01A00h-01A6Fh -ASFR53=01A80h-01AEFh -ASFR54=01B00h-01B6Fh \
  -ASFR55=01B80h-01BEFh -ASFR56=01C00h-01C6Fh -ASFR57=01C80h-01CEFh \
  -ASFR58=01D00h-01D6Fh -ASFR59=01D80h-01DEFh -ASFR60=01E00h-01E6Fh \
  -ASFR61=01E80h-01EEFh -ASFR62=01F00h-01F6Fh -ASFR63=01F80h-01FEFh \
  -ACONFIG=08007h-0800Bh -DCONFIG=2 -AIDLOC=08000h-08003h -DIDLOC=2 \
  -DCODE=2 -DSTRCODE=2 -DSTRING=2 -DCONST=2 -DENTRY=2 \
  -preset_vec=00h,intentry=04h,init,end_init -ppowerup=CODE -pcinit=CODE \
  -pfunctab=ENTRY -k /tmp/xc8Deigq8.o \
  dist/default/production/test_nano.production.o 

Object code version is 3.11

Machine type is 16F15244



                Name                               Link     Load   Length Selector   Space Scale
/tmp/xc8Deigq8.o
                end_init                             27       27        2        8       0
                reset_vec                             0        0        2        0       0
                config                             8007     8007        5        0       4
dist/default/production/test_nano.production.o
                cinit                                29       29       1D        8       0
                intentry                              4        4       23        8       0
                config                             8007     8007        5        0       4
                text34                              32B      32B        8      644       0
                text33                              373      373        4      6D6       0
                text32                              36F      36F        4      6D6       0
                text31                              37F      37F        1      6D6       0
                text30                              36B      36B        4      6D6       0
                text29                              199      199       39        8       0
                text28                              37A      37A        3      6D6       0
                text27                              2F6      2F6        F        8       0
                text26                              322      322        9      644       0
                text24                               C2       C2       4F        8       0
                text23                              357      357        6      644       0
                text22                              351      351        6      644       0
                text21                              34B      34B        6      644       0
                text20                              345      345        6      644       0
                text19                              203      203       30        8       0
                text18                              362      362        5      644       0
                text17                              33F      33F        6      644       0
                text16                              157      157       42        8       0
                text15                              2BF      2BF       15        8       0
                text14                              377      377        3      6D6       0
                text13                              2E6      2E6       10        8       0
                text12                              2AA      2AA       15        8       0
                text11                              35D      35D        5      644       0
                text10                              30F      30F        A        8       0
                text9                               339      339        6      644       0
                text8                               111      111       46        8       0
                text7                                46       46       7C        8       0
                text6                               233      233       28        8       0
                text5                               2D4      2D4       12        8       0
                text4                               25B      25B       1E        8       0
                text3                               295      295       15        8       0
                text2                               305      305        A        8       0
                text1                               279      279       1C        8       0
                maintext                            1D2      1D2       31        8       0
                cstackBANK0                          41       41       13       20       1
                cstackCOMMON                         70       70        C       70       1
                clrtext                             333      333        6      644       0
                bssBANK1                             A0       A0       20       A0       1
                dataBANK0                            5E       5E        2       20       1
                bssBANK0                             20       20       21       20       1
                bssCOMMON                            7C       7C        1       70       1
                stringtext2                         319      319        9      632       0
                nvBANK0                              54       54        A       20       1
                stringtext1                         367      367        4      6CE       0
                idataBANK0                          37D      37D        2      6D6       0

TOTAL           Name                               Link     Load   Length     Space
        CLASS   STACK          

        CLASS   CODE           
                end_init                             27       27        2         0
                cinit                                29       29       1D         0
                intentry                              4        4       23         0
                reset_vec                             0        0        2         0
                text34                              32B      32B        8         0
                text33                              373      373        4         0
                text32                              36F      36F        4         0
                text31                              37F      37F        1         0
                text30                              36B      36B        4         0
                text29                              199      199       39         0
                text28                              37A      37A        3         0
                text27                              2F6      2F6        F         0
                text26                              322      322        9         0
                text24                               C2       C2       4F         0
                text23                              357      357        6         0
                text22                              351      351        6         0
                text21                              34B      34B        6         0
                text20                              345      345        6         0
                text19                              203      203       30         0
                text18                              362      362        5         0
                text17                              33F      33F        6         0
                text16                              157      157       42         0
                text15                              2BF      2BF       15         0
                text14                              377      377        3         0
                text13                              2E6      2E6       10         0
                text12                              2AA      2AA       15         0
                text11                              35D      35D        5         0
                text10                              30F      30F        A         0
                text9                               339      339        6         0
                text8                               111      111       46         0
                text7                                46       46       7C         0
                text6                               233      233       28         0
                text5                               2D4      2D4       12         0
                text4                               25B      25B       1E         0
                text3                               295      295       15         0
                text2                               305      305        A         0
                text1                               279      279       1C         0
                maintext                            1D2      1D2       31         0
                clrtext                             333      333        6         0
                idataBANK0                          37D      37D        2         0

        CLASS   STRCODE        
                stringtext2                         319      319        9         0
                stringtext1                         367      367        4         0

        CLASS   STRING         

        CLASS   CONST          

        CLASS   ENTRY          

        CLASS   COMMON         
                cstackCOMMON                         70       70        C         1
                bssCOMMON                            7C       7C        1         1

        CLASS   BANK0          
                cstackBANK0                          41       41       13         1
                dataBANK0                            5E       5E        2         1
                bssBANK0                             20       20       21         1
                nvBANK0                              54       54        A         1

        CLASS   BANK1          
                bssBANK1                             A0       A0       20         1

        CLASS   BANK2          

        CLASS   BANK3          

        CLASS   BANK4          

        CLASS   BANK5          

        CLASS   BANK6          

        CLASS   BIGRAM         

        CLASS   RAM            

        CLASS   ABS1           
                abs_s1                               7E       7E        2         1

        CLASS   SFR0           

        CLASS   SFR1           

        CLASS   SFR2           

        CLASS   SFR3           

        CLASS   SFR4           

        CLASS   SFR5           

        CLASS   SFR6           

        CLASS   SFR7           

        CLASS   SFR8           

        CLASS   SFR9           

        CLASS   SFR10          

        CLASS   SFR11          

        CLASS   SFR12          

        CLASS   SFR13          

        CLASS   SFR14          

        CLASS   SFR15          

        CLASS   SFR16          

        CLASS   SFR17          

        CLASS   SFR18          

        CLASS   SFR19          

        CLASS   SFR20          

        CLASS   SFR21          

        CLASS   SFR22          

        CLASS   SFR23          

        CLASS   SFR24          

        CLASS   SFR25          

        CLASS   SFR26          

        CLASS   SFR27          

        CLASS   SFR28          

        CLASS   SFR29          

        CLASS   SFR30          

        CLASS   SFR31          

        CLASS   SFR32          

        CLASS   SFR33          

        CLASS   SFR34          

        CLASS   SFR35          

        CLASS   SFR36          

        CLASS   SFR37          

        CLASS   SFR38          

        CLASS   SFR39          

        CLASS   SFR40          

        CLASS   SFR41          

        CLASS   SFR42          

        CLASS   SFR43          

        CLASS   SFR44          

        CLASS   SFR45          

        CLASS   SFR46          

        CLASS   SFR47          

        CLASS   SFR48          

        CLASS   SFR49          

        CLASS   SFR50          

        CLASS   SFR51          

        CLASS   SFR52          

        CLASS   SFR53          

        CLASS   SFR54          

        CLASS   SFR55          

        CLASS   SFR56          

        CLASS   SFR57          

        CLASS   SFR58          

        CLASS   SFR59          

        CLASS   SFR60          

        CLASS   SFR61          

        CLASS   SFR62          

        CLASS   SFR63          

        CLASS   CONFIG         
                config                             8007     8007        5         4

        CLASS   IDLOC          

        CLASS   BANK63         

        CLASS   BANK62         

        CLASS   BANK61         

        CLASS   BANK60         

        CLASS   BANK59         

        CLASS   BANK58         

        CLASS   BANK57         

        CLASS   BANK56         

        CLASS   BANK55         

        CLASS   BANK54         

        CLASS   BANK53         

        CLASS   BANK52         

        CLASS   BANK51         

        CLASS   BANK50         

        CLASS   BANK49         

        CLASS   BANK48         

        CLASS   BANK47         

        CLASS   BANK46         

        CLASS   BANK45         

        CLASS   BANK44         

        CLASS   BANK43         

        CLASS   BANK42         

        CLASS   BANK41         

        CLASS   BANK40         

        CLASS   BANK39         

        CLASS   BANK38         

        CLASS   BANK37         

        CLASS   BANK36         

        CLASS   BANK35         

        CLASS   BANK34         

        CLASS   BANK33         

        CLASS   BANK32         

        CLASS   BANK31         

        CLASS   BANK30         

        CLASS   BANK29         

        CLASS   BANK28         

        CLASS   BANK27         

        CLASS   BANK26         

        CLASS   BANK25         

        CLASS   BANK24         

        CLASS   BANK23         

        CLASS   BANK22         

        CLASS   BANK21         

        CLASS   BANK20         

        CLASS   BANK19         

        CLASS   BANK18         

        CLASS   BANK17         

        CLASS   BANK16         

        CLASS   BANK15         

        CLASS   BANK14         

        CLASS   BANK13         

        CLASS   BANK12         

        CLASS   BANK11         

        CLASS   BANK10         

        CLASS   BANK9          

        CLASS   BANK8          

        CLASS   BANK7          

        CLASS   EEDATA         



SEGMENTS        Name                           Load    Length   Top    Selector   Space  Class     Delta

                reset_vec                      000000  000002  000002         0       0  CODE        2
                text30                         00036B  000015  000380       6D6       0  CODE        2
                stringtext2                    000319  000009  000322       632       0  STRCODE     2
                stringtext1                    000367  000004  00036B       6CE       0  STRCODE     2
                text26                         000322  000045  000367       644       0  CODE        2
                bssBANK0                       000020  000040  000060        20       1  BANK0       1
                cstackCOMMON                   000070  00000D  00007D        70       1  COMMON      1
                bssBANK1                       0000A0  000020  0000C0        A0       1  BANK1       1
                intentry                       000004  000315  000319         8       0  CODE        2


UNUSED ADDRESS RANGES

        Name                Unused          Largest block    Delta
        BANK0            00060-0006F              10           1
        BANK1            000C0-000EF              30           1
        BANK2            00120-0016F              50           1
        BANK3            001A0-001EF              50           1
        BANK4            00220-0026F              50           1
        BANK5            002A0-002EF              50           1
        BANK6            00320-0032F              10           1
        BIGRAM           02000-021EF             1F0           1
        CODE             00002-00003               2           2
                         00380-00FFF             480
        COMMON           0007D-0007D               1           1
        CONST            00002-00003               2           2
                         00380-00FFF             100
        ENTRY            00002-00003               2           2
                         00380-00FFF             100
        IDLOC            08000-08003               4           2
        RAM              00060-0006F              10           1
                         000C0-000EF              30
                         00120-0016F              50
                         001A0-001EF              50
                         00220-0026F              50
                         002A0-002EF              50
                         00320-0032F              10
        SFR0             00000-0001F              20           1
        SFR1             00080-0009F              20           1
        SFR10            00500-0056F              70           1
        SFR11            00580-005EF              70           1
        SFR12            00600-0066F              70           1
        SFR13            00680-006EF              70           1
        SFR14            00700-0076F              70           1
        SFR15            00780-007EF              70           1
        SFR16            00800-0086F              70           1
        SFR17            00880-008EF              70           1
        SFR18            00900-0096F              70           1
        SFR19            00980-009EF              70           1
        SFR2             00100-0011F              20           1
        SFR20            00A00-00A6F              70           1
        SFR21            00A80-00AEF              70           1
        SFR22            00B00-00B6F              70           1
        SFR23            00B80-00BEF              70           1
        SFR24            00C00-00C6F              70           1
        SFR25            00C80-00CEF              70           1
        SFR26            00D00-00D6F              70           1
        SFR27            00D80-00DEF              70           1
        SFR28            00E00-00E6F              70           1
        SFR29            00E80-00EEF              70           1
        SFR3             00180-0019F              20           1
        SFR30            00F00-00F6F              70           1
        SFR31            00F80-00FEF              70           1
        SFR32            01000-0106F              70           1
        SFR33            01080-010EF              70           1
        SFR34            01100-0116F              70           1
        SFR35            01180-011EF              70           1
        SFR36            01200-0126F              70           1
        SFR37            01280-012EF              70           1
        SFR38            01300-0136F              70           1
        SFR39            01380-013EF              70           1
        SFR4             00200-0021F              20           1
        SFR40            01400-0146F              70           1
        SFR41            01480-014EF              70           1
        SFR42            01500-0156F              70           1
        SFR43            01580-015EF              70           1
        SFR44            01600-0166F              70           1
        SFR45            01680-016EF              70           1
        SFR46            01700-0176F              70           1
        SFR47            01780-017EF              70           1
        SFR48            01800-0186F              70           1
        SFR49            01880-018EF              70           1
        SFR5             00280-0029F              20           1
        SFR50            01900-0196F              70           1
        SFR51            01980-019EF              70           1
        SFR52            01A00-01A6F              70           1
        SFR53            01A80-01AEF              70           1
        SFR54            01B00-01B6F              70           1
        SFR55            01B80-01BEF              70           1
        SFR56            01C00-01C6F              70           1
        SFR57            01C80-01CEF              70           1
        SFR58            01D00-01D6F              70           1
        SFR59            01D80-01DEF              70           1
        SFR6             00300-0031F              20           1
        SFR60            01E00-01E6F              70           1
        SFR61            01E80-01EEF              70           1
        SFR62            01F00-01F6F              70           1
        SFR63            01F80-01FEF              70           1
        SFR7             00380-003EF              70           1
        SFR8             00400-0046F              70           1
        SFR9             00480-004EF              70           1
        STACK            02070-021EF             180           1
        STRCODE          00002-00003               2           2
                         00380-00FFF             C80
        STRING           00002-00003               2           2
                         00380-00FFF             100

                                  Symbol Table

?_fputc                                         cstackCOMMON 00073
?_printf                                        cstackBANK0  00050
?_vfpfcnvrt                                     cstackBANK0  00041
?_vfprintf                                      cstackBANK0  00048
EUSART1_SetErrorHandler@interruptHandler        cstackCOMMON 00071
EUSART1_SetFramingErrorHandler@interruptHandler cstackCOMMON 00071
EUSART1_SetOverrunErrorHandler@interruptHandler cstackCOMMON 00071
EUSART1_SetRxInterruptHandler@interruptHandler  cstackCOMMON 00071
EUSART1_Write@txData                            cstackCOMMON 00071
IOCCF2_SetInterruptHandler@InterruptHandler     cstackCOMMON 00071
SPI1_Open@spi1UniqueConfiguration               cstackCOMMON 00074
SPI1_WriteByte@byte                             cstackCOMMON 00071
_ANSELA                                         (abs)        01F38
_ANSELB                                         (abs)        01F43
_ANSELC                                         (abs)        01F4E
_BAUD1CON                                       (abs)        0011F
_EUSART1_DefaultErrorHandler                    text32       0036F
_EUSART1_DefaultFramingErrorHandler             text31       0037F
_EUSART1_DefaultOverrunErrorHandler             text30       0036B
_EUSART1_ErrorHandler                           nvBANK0      00054
_EUSART1_FramingErrorHandler                    nvBANK0      00058
_EUSART1_Initialize                             text19       00203
_EUSART1_OverrunErrorHandler                    nvBANK0      00056
_EUSART1_Receive_ISR                            text29       00199
_EUSART1_RxCustomHandler                        text34       0032B
_EUSART1_RxDataHandler                          text33       00373
_EUSART1_RxDefaultInterruptHandler              nvBANK0      0005C
_EUSART1_SetErrorHandler                        text23       00357
_EUSART1_SetFramingErrorHandler                 text22       00351
_EUSART1_SetOverrunErrorHandler                 text21       0034B
_EUSART1_SetRxInterruptHandler                  text20       00345
_EUSART1_Write                                  text10       0030F
_FLAGS                                          bssBANK0     0003E
_INLVLA                                         (abs)        01F3C
_INLVLB                                         (abs)        01F47
_INLVLC                                         (abs)        01F52
_INTCONbits                                     (abs)        0000B
_INTERRUPT_InterruptManager                     intentry     00004
_IOCCF2_DefaultInterruptHandler                 text28       0037A
_IOCCF2_ISR                                     text27       002F6
_IOCCF2_InterruptHandler                        nvBANK0      0005A
_IOCCF2_SetInterruptHandler                     text17       0033F
_IOCCFbits                                      (abs)        01F55
_IOCCNbits                                      (abs)        01F54
_IOCCPbits                                      (abs)        01F53
_LATA                                           (abs)        00018
_LATAbits                                       (abs)        00018
_LATB                                           (abs)        00019
_LATC                                           (abs)        0001A
_ODCONA                                         (abs)        01F3A
_ODCONB                                         (abs)        01F45
_ODCONC                                         (abs)        01F50
_OSCEN                                          (abs)        00891
_OSCFRQ                                         (abs)        00893
_OSCILLATOR_Initialize                          text18       00362
_OSCTUNE                                        (abs)        00892
_PIE0bits                                       (abs)        00716
_PIE1bits                                       (abs)        00717
_PIN_MANAGER_IOC                                text26       00322
_PIN_MANAGER_Initialize                         text16       00157
_PIR0bits                                       (abs)        0070C
_PIR1bits                                       (abs)        0070D
_RC0PPS                                         (abs)        01F20
_RC1REG                                         (abs)        00119
_RC1STA                                         (abs)        0011D
_RC1STAbits                                     (abs)        0011D
_RC4PPS                                         (abs)        01F24
_RC6PPS                                         (abs)        01F26
_RX1PPS                                         (abs)        01ECB
_SLRCONA                                        (abs)        01F3B
_SLRCONB                                        (abs)        01F46
_SLRCONC                                        (abs)        01F51
_SP1BRGH                                        (abs)        0011C
_SP1BRGL                                        (abs)        0011B
_SPI1_Initialize                                text15       002BF
_SPI1_Open                                      text24       000C2
_SPI1_WriteByte                                 text11       0035D
_SSP1ADD                                        (abs)        0018D
_SSP1BUF                                        (abs)        0018C
_SSP1CLKPPS                                     (abs)        01EC5
_SSP1CON1                                       (abs)        00190
_SSP1CON1bits                                   (abs)        00190
_SSP1CON2                                       (abs)        00191
_SSP1DATPPS                                     (abs)        01EC6
_SSP1STAT                                       (abs)        0018F
_SYSTEM_Initialize                              text13       002E6
_TRISA                                          (abs)        00012
_TRISB                                          (abs)        00013
_TRISC                                          (abs)        00014
_TRISCbits                                      (abs)        00014
_TX1REG                                         (abs)        0011A
_TX1STA                                         (abs)        0011E
_TX1STAbits                                     (abs)        0011E
_WDTCON                                         (abs)        0080C
_WDT_Initialize                                 text14       00377
_WPUA                                           (abs)        01F39
_WPUB                                           (abs)        01F44
_WPUC                                           (abs)        01F4F
__Habs1                                         abs1         00000
__Hbank0                                        bank0        00000
__Hbank1                                        bank1        00000
__Hbank10                                       bank10       00000
__Hbank11                                       bank11       00000
__Hbank12                                       bank12       00000
__Hbank13                                       bank13       00000
__Hbank14                                       bank14       00000
__Hbank15                                       bank15       00000
__Hbank16                                       bank16       00000
__Hbank17                                       bank17       00000
__Hbank18                                       bank18       00000
__Hbank19                                       bank19       00000
__Hbank2                                        bank2        00000
__Hbank20                                       bank20       00000
__Hbank21                                       bank21       00000
__Hbank22                                       bank22       00000
__Hbank23                                       bank23       00000
__Hbank24                                       bank24       00000
__Hbank25                                       bank25       00000
__Hbank26                                       bank26       00000
__Hbank27                                       bank27       00000
__Hbank28                                       bank28       00000
__Hbank29                                       bank29       00000
__Hbank3                                        bank3        00000
__Hbank30                                       bank30       00000
__Hbank31                                       bank31       00000
__Hbank32                                       bank32       00000
__Hbank33                                       bank33       00000
__Hbank34                                       bank34       00000
__Hbank35                                       bank35       00000
__Hbank36                                       bank36       00000
__Hbank37                                       bank37       00000
__Hbank38                                       bank38       00000
__Hbank39                                       bank39       00000
__Hbank4                                        bank4        00000
__Hbank40                                       bank40       00000
__Hbank41                                       bank41       00000
__Hbank42                                       bank42       00000
__Hbank43                                       bank43       00000
__Hbank44                                       bank44       00000
__Hbank45                                       bank45       00000
__Hbank46                                       bank46       00000
__Hbank47                                       bank47       00000
__Hbank48                                       bank48       00000
__Hbank49                                       bank49       00000
__Hbank5                                        bank5        00000
__Hbank50                                       bank50       00000
__Hbank51                                       bank51       00000
__Hbank52                                       bank52       00000
__Hbank53                                       bank53       00000
__Hbank54                                       bank54       00000
__Hbank55                                       bank55       00000
__Hbank56                                       bank56       00000
__Hbank57                                       bank57       00000
__Hbank58                                       bank58       00000
__Hbank59                                       bank59       00000
__Hbank6                                        bank6        00000
__Hbank60                                       bank60       00000
__Hbank61                                       bank61       00000
__Hbank62                                       bank62       00000
__Hbank63                                       bank63       00000
__Hbank7                                        bank7        00000
__Hbank8                                        bank8        00000
__Hbank9                                        bank9        00000
__Hbigram                                       bigram       00000
__HbssBANK0                                     bssBANK0     00000
__HbssBANK1                                     bssBANK1     00000
__HbssCOMMON                                    bssCOMMON    00000
__Hcinit                                        cinit        00046
__Hclrtext                                      clrtext      00000
__Hcode                                         code         00000
__Hcommon                                       common       00000
__Hconfig                                       config       0800C
__HcstackBANK0                                  cstackBANK0  00000
__HcstackCOMMON                                 cstackCOMMON 00000
__HdataBANK0                                    dataBANK0    00000
__Heeprom_data                                  eeprom_data  00000
__Hend_init                                     end_init     00029
__Hfunctab                                      functab      00000
__HidataBANK0                                   idataBANK0   00000
__Hinit                                         init         00027
__Hintentry                                     intentry     00027
__Hmaintext                                     maintext     00000
__HnvBANK0                                      nvBANK0      00000
__Hpowerup                                      powerup      00000
__Hram                                          ram          00000
__Hreset_vec                                    reset_vec    00002
__Hsfr0                                         sfr0         00000
__Hsfr1                                         sfr1         00000
__Hsfr10                                        sfr10        00000
__Hsfr11                                        sfr11        00000
__Hsfr12                                        sfr12        00000
__Hsfr13                                        sfr13        00000
__Hsfr14                                        sfr14        00000
__Hsfr15                                        sfr15        00000
__Hsfr16                                        sfr16        00000
__Hsfr17                                        sfr17        00000
__Hsfr18                                        sfr18        00000
__Hsfr19                                        sfr19        00000
__Hsfr2                                         sfr2         00000
__Hsfr20                                        sfr20        00000
__Hsfr21                                        sfr21        00000
__Hsfr22                                        sfr22        00000
__Hsfr23                                        sfr23        00000
__Hsfr24                                        sfr24        00000
__Hsfr25                                        sfr25        00000
__Hsfr26                                        sfr26        00000
__Hsfr27                                        sfr27        00000
__Hsfr28                                        sfr28        00000
__Hsfr29                                        sfr29        00000
__Hsfr3                                         sfr3         00000
__Hsfr30                                        sfr30        00000
__Hsfr31                                        sfr31        00000
__Hsfr32                                        sfr32        00000
__Hsfr33                                        sfr33        00000
__Hsfr34                                        sfr34        00000
__Hsfr35                                        sfr35        00000
__Hsfr36                                        sfr36        00000
__Hsfr37                                        sfr37        00000
__Hsfr38                                        sfr38        00000
__Hsfr39                                        sfr39        00000
__Hsfr4                                         sfr4         00000
__Hsfr40                                        sfr40        00000
__Hsfr41                                        sfr41        00000
__Hsfr42                                        sfr42        00000
__Hsfr43                                        sfr43        00000
__Hsfr44                                        sfr44        00000
__Hsfr45                                        sfr45        00000
__Hsfr46                                        sfr46        00000
__Hsfr47                                        sfr47        00000
__Hsfr48                                        sfr48        00000
__Hsfr49                                        sfr49        00000
__Hsfr5                                         sfr5         00000
__Hsfr50                                        sfr50        00000
__Hsfr51                                        sfr51        00000
__Hsfr52                                        sfr52        00000
__Hsfr53                                        sfr53        00000
__Hsfr54                                        sfr54        00000
__Hsfr55                                        sfr55        00000
__Hsfr56                                        sfr56        00000
__Hsfr57                                        sfr57        00000
__Hsfr58                                        sfr58        00000
__Hsfr59                                        sfr59        00000
__Hsfr6                                         sfr6         00000
__Hsfr60                                        sfr60        00000
__Hsfr61                                        sfr61        00000
__Hsfr62                                        sfr62        00000
__Hsfr63                                        sfr63        00000
__Hsfr7                                         sfr7         00000
__Hsfr8                                         sfr8         00000
__Hsfr9                                         sfr9         00000
__Hspace_0                                      (abs)        00380
__Hspace_1                                      (abs)        000C0
__Hspace_2                                      (abs)        00000
__Hspace_3                                      (abs)        00000
__Hspace_4                                      (abs)        10013
__Hstack                                        stack        00000
__Hstrings                                      strings      00000
__Hstringtext1                                  stringtext1  00000
__Hstringtext2                                  stringtext2  00000
__Hstringtext3                                  stringtext3  00000
__Htext                                         text         00000
__Labs1                                         abs1         00000
__Lbank0                                        bank0        00000
__Lbank1                                        bank1        00000
__Lbank10                                       bank10       00000
__Lbank11                                       bank11       00000
__Lbank12                                       bank12       00000
__Lbank13                                       bank13       00000
__Lbank14                                       bank14       00000
__Lbank15                                       bank15       00000
__Lbank16                                       bank16       00000
__Lbank17                                       bank17       00000
__Lbank18                                       bank18       00000
__Lbank19                                       bank19       00000
__Lbank2                                        bank2        00000
__Lbank20                                       bank20       00000
__Lbank21                                       bank21       00000
__Lbank22                                       bank22       00000
__Lbank23                                       bank23       00000
__Lbank24                                       bank24       00000
__Lbank25                                       bank25       00000
__Lbank26                                       bank26       00000
__Lbank27                                       bank27       00000
__Lbank28                                       bank28       00000
__Lbank29                                       bank29       00000
__Lbank3                                        bank3        00000
__Lbank30                                       bank30       00000
__Lbank31                                       bank31       00000
__Lbank32                                       bank32       00000
__Lbank33                                       bank33       00000
__Lbank34                                       bank34       00000
__Lbank35                                       bank35       00000
__Lbank36                                       bank36       00000
__Lbank37                                       bank37       00000
__Lbank38                                       bank38       00000
__Lbank39                                       bank39       00000
__Lbank4                                        bank4        00000
__Lbank40                                       bank40       00000
__Lbank41                                       bank41       00000
__Lbank42                                       bank42       00000
__Lbank43                                       bank43       00000
__Lbank44                                       bank44       00000
__Lbank45                                       bank45       00000
__Lbank46                                       bank46       00000
__Lbank47                                       bank47       00000
__Lbank48                                       bank48       00000
__Lbank49                                       bank49       00000
__Lbank5                                        bank5        00000
__Lbank50                                       bank50       00000
__Lbank51                                       bank51       00000
__Lbank52                                       bank52       00000
__Lbank53                                       bank53       00000
__Lbank54                                       bank54       00000
__Lbank55                                       bank55       00000
__Lbank56                                       bank56       00000
__Lbank57                                       bank57       00000
__Lbank58                                       bank58       00000
__Lbank59                                       bank59       00000
__Lbank6                                        bank6        00000
__Lbank60                                       bank60       00000
__Lbank61                                       bank61       00000
__Lbank62                                       bank62       00000
__Lbank63                                       bank63       00000
__Lbank7                                        bank7        00000
__Lbank8                                        bank8        00000
__Lbank9                                        bank9        00000
__Lbigram                                       bigram       00000
__LbssBANK0                                     bssBANK0     00000
__LbssBANK1                                     bssBANK1     00000
__LbssCOMMON                                    bssCOMMON    00000
__Lcinit                                        cinit        00029
__Lclrtext                                      clrtext      00000
__Lcode                                         code         00000
__Lcommon                                       common       00000
__Lconfig                                       config       00000
__LcstackBANK0                                  cstackBANK0  00000
__LcstackCOMMON                                 cstackCOMMON 00000
__LdataBANK0                                    dataBANK0    00000
__Leeprom_data                                  eeprom_data  00000
__Lend_init                                     end_init     00027
__Lfunctab                                      functab      00000
__LidataBANK0                                   idataBANK0   00000
__Linit                                         init         00027
__Lintentry                                     intentry     00004
__Lmaintext                                     maintext     00000
__LnvBANK0                                      nvBANK0      00000
__Lpowerup                                      powerup      00000
__Lram                                          ram          00000
__Lreset_vec                                    reset_vec    00000
__Lsfr0                                         sfr0         00000
__Lsfr1                                         sfr1         00000
__Lsfr10                                        sfr10        00000
__Lsfr11                                        sfr11        00000
__Lsfr12                                        sfr12        00000
__Lsfr13                                        sfr13        00000
__Lsfr14                                        sfr14        00000
__Lsfr15                                        sfr15        00000
__Lsfr16                                        sfr16        00000
__Lsfr17                                        sfr17        00000
__Lsfr18                                        sfr18        00000
__Lsfr19                                        sfr19        00000
__Lsfr2                                         sfr2         00000
__Lsfr20                                        sfr20        00000
__Lsfr21                                        sfr21        00000
__Lsfr22                                        sfr22        00000
__Lsfr23                                        sfr23        00000
__Lsfr24                                        sfr24        00000
__Lsfr25                                        sfr25        00000
__Lsfr26                                        sfr26        00000
__Lsfr27                                        sfr27        00000
__Lsfr28                                        sfr28        00000
__Lsfr29                                        sfr29        00000
__Lsfr3                                         sfr3         00000
__Lsfr30                                        sfr30        00000
__Lsfr31                                        sfr31        00000
__Lsfr32                                        sfr32        00000
__Lsfr33                                        sfr33        00000
__Lsfr34                                        sfr34        00000
__Lsfr35                                        sfr35        00000
__Lsfr36                                        sfr36        00000
__Lsfr37                                        sfr37        00000
__Lsfr38                                        sfr38        00000
__Lsfr39                                        sfr39        00000
__Lsfr4                                         sfr4         00000
__Lsfr40                                        sfr40        00000
__Lsfr41                                        sfr41        00000
__Lsfr42                                        sfr42        00000
__Lsfr43                                        sfr43        00000
__Lsfr44                                        sfr44        00000
__Lsfr45                                        sfr45        00000
__Lsfr46                                        sfr46        00000
__Lsfr47                                        sfr47        00000
__Lsfr48                                        sfr48        00000
__Lsfr49                                        sfr49        00000
__Lsfr5                                         sfr5         00000
__Lsfr50                                        sfr50        00000
__Lsfr51                                        sfr51        00000
__Lsfr52                                        sfr52        00000
__Lsfr53                                        sfr53        00000
__Lsfr54                                        sfr54        00000
__Lsfr55                                        sfr55        00000
__Lsfr56                                        sfr56        00000
__Lsfr57                                        sfr57        00000
__Lsfr58                                        sfr58        00000
__Lsfr59                                        sfr59        00000
__Lsfr6                                         sfr6         00000
__Lsfr60                                        sfr60        00000
__Lsfr61                                        sfr61        00000
__Lsfr62                                        sfr62        00000
__Lsfr63                                        sfr63        00000
__Lsfr7                                         sfr7         00000
__Lsfr8                                         sfr8         00000
__Lsfr9                                         sfr9         00000
__Lspace_0                                      (abs)        00000
__Lspace_1                                      (abs)        00000
__Lspace_2                                      (abs)        00000
__Lspace_3                                      (abs)        00000
__Lspace_4                                      (abs)        00000
__Lstack                                        stack        00000
__Lstrings                                      strings      00000
__Lstringtext1                                  stringtext1  00000
__Lstringtext2                                  stringtext2  00000
__Lstringtext3                                  stringtext3  00000
__Ltext                                         text         00000
__S0                                            (abs)        00380
__S1                                            (abs)        000C0
__S2                                            (abs)        00000
___int_sp                                       stack        00000
___latbits                                      (abs)        00001
___sp                                           stack        00000
___stackhi                                      (abs)        021EF
___stacklo                                      (abs)        02070
__end_of_EUSART1_DefaultErrorHandler            text32       00373
__end_of_EUSART1_DefaultFramingErrorHandler     text31       00380
__end_of_EUSART1_DefaultOverrunErrorHandler     text30       0036F
__end_of_EUSART1_Initialize                     text19       00233
__end_of_EUSART1_Receive_ISR                    text29       001D2
__end_of_EUSART1_RxCustomHandler                text34       00333
__end_of_EUSART1_RxDataHandler                  text33       00377
__end_of_EUSART1_SetErrorHandler                text23       0035D
__end_of_EUSART1_SetFramingErrorHandler         text22       00357
__end_of_EUSART1_SetOverrunErrorHandler         text21       00351
__end_of_EUSART1_SetRxInterruptHandler          text20       0034B
__end_of_EUSART1_Write                          text10       00319
__end_of_INTERRUPT_InterruptManager             intentry     00027
__end_of_IOCCF2_DefaultInterruptHandler         text28       0037D
__end_of_IOCCF2_ISR                             text27       00305
__end_of_IOCCF2_SetInterruptHandler             text17       00345
__end_of_OSCILLATOR_Initialize                  text18       00367
__end_of_PIN_MANAGER_IOC                        text26       0032B
__end_of_PIN_MANAGER_Initialize                 text16       00199
__end_of_SPI1_Initialize                        text15       002D4
__end_of_SPI1_Open                              text24       00111
__end_of_SPI1_WriteByte                         text11       00362
__end_of_SYSTEM_Initialize                      text13       002F6
__end_of_WDT_Initialize                         text14       0037A
__end_of__initialization                        cinit        00042
__end_of_debouncePushButton                     text12       002BF
__end_of_fputc                                  text8        00157
__end_of_main                                   maintext     00203
__end_of_printf                                 text5        002E6
__end_of_pushButtonCallback                     text4        00279
__end_of_putch                                  text9        0033F
__end_of_putchar                                text2        0030F
__end_of_receiveSPICallback                     text3        002AA
__end_of_receiveSerialCallback                  text1        00295
__end_of_spi1_configuration                     stringtext1  0036B
__end_of_vfpfcnvrt                              text7        000C2
__end_of_vfprintf                               text6        0025B
__initialization                                cinit        00029
__pbssBANK0                                     bssBANK0     00020
__pbssBANK1                                     bssBANK1     000A0
__pbssCOMMON                                    bssCOMMON    0007C
__pcstackBANK0                                  cstackBANK0  00041
__pcstackCOMMON                                 cstackCOMMON 00070
__pdataBANK0                                    dataBANK0    0005E
__pidataBANK0                                   idataBANK0   0037D
__pintentry                                     intentry     00004
__pmaintext                                     maintext     001D2
__pnvBANK0                                      nvBANK0      00054
__pstringtext1                                  stringtext1  00367
__pstringtext2                                  stringtext2  00319
__pstringtext3                                  stringtext3  00000
__ptext1                                        text1        00279
__ptext10                                       text10       0030F
__ptext11                                       text11       0035D
__ptext12                                       text12       002AA
__ptext13                                       text13       002E6
__ptext14                                       text14       00377
__ptext15                                       text15       002BF
__ptext16                                       text16       00157
__ptext17                                       text17       0033F
__ptext18                                       text18       00362
__ptext19                                       text19       00203
__ptext2                                        text2        00305
__ptext20                                       text20       00345
__ptext21                                       text21       0034B
__ptext22                                       text22       00351
__ptext23                                       text23       00357
__ptext24                                       text24       000C2
__ptext26                                       text26       00322
__ptext27                                       text27       002F6
__ptext28                                       text28       0037A
__ptext29                                       text29       00199
__ptext3                                        text3        00295
__ptext30                                       text30       0036B
__ptext31                                       text31       0037F
__ptext32                                       text32       0036F
__ptext33                                       text33       00373
__ptext34                                       text34       0032B
__ptext4                                        text4        0025B
__ptext5                                        text5        002D4
__ptext6                                        text6        00233
__ptext7                                        text7        00046
__ptext8                                        text8        00111
__ptext9                                        text9        00339
__size_of_EUSART1_DefaultErrorHandler           (abs)        00000
__size_of_EUSART1_DefaultFramingErrorHandler    (abs)        00000
__size_of_EUSART1_DefaultOverrunErrorHandler    (abs)        00000
__size_of_EUSART1_Initialize                    (abs)        00000
__size_of_EUSART1_Receive_ISR                   (abs)        00000
__size_of_EUSART1_RxCustomHandler               (abs)        00000
__size_of_EUSART1_RxDataHandler                 (abs)        00000
__size_of_EUSART1_SetErrorHandler               (abs)        00000
__size_of_EUSART1_SetFramingErrorHandler        (abs)        00000
__size_of_EUSART1_SetOverrunErrorHandler        (abs)        00000
__size_of_EUSART1_SetRxInterruptHandler         (abs)        00000
__size_of_EUSART1_Write                         (abs)        00000
__size_of_INTERRUPT_InterruptManager            (abs)        00000
__size_of_IOCCF2_DefaultInterruptHandler        (abs)        00000
__size_of_IOCCF2_ISR                            (abs)        00000
__size_of_IOCCF2_SetInterruptHandler            (abs)        00000
__size_of_OSCILLATOR_Initialize                 (abs)        00000
__size_of_PIN_MANAGER_IOC                       (abs)        00000
__size_of_PIN_MANAGER_Initialize                (abs)        00000
__size_of_SPI1_Initialize                       (abs)        00000
__size_of_SPI1_Open                             (abs)        00000
__size_of_SPI1_WriteByte                        (abs)        00000
__size_of_SYSTEM_Initialize                     (abs)        00000
__size_of_WDT_Initialize                        (abs)        00000
__size_of_debouncePushButton                    (abs)        00000
__size_of_fputc                                 (abs)        00000
__size_of_main                                  (abs)        00000
__size_of_printf                                (abs)        00000
__size_of_pushButtonCallback                    (abs)        00000
__size_of_putch                                 (abs)        00000
__size_of_putchar                               (abs)        00000
__size_of_receiveSPICallback                    (abs)        00000
__size_of_receiveSerialCallback                 (abs)        00000
__size_of_vfpfcnvrt                             (abs)        00000
__size_of_vfprintf                              (abs)        00000
_debouncePushButton                             text12       002AA
_eusart1RxBuffer                                bssBANK0     00028
_eusart1RxCount                                 bssBANK0     00039
_eusart1RxHead                                  bssCOMMON    0007C
_eusart1RxLastError                             bssBANK0     00038
_eusart1RxStatusBuffer                          bssBANK0     00020
_eusart1RxTail                                  bssBANK0     0003A
_flags                                          bssBANK0     00036
_fputc                                          text8        00111
_main                                           maintext     001D2
_nout                                           bssBANK0     00030
_prec                                           bssBANK0     00034
_printf                                         text5        002D4
_pushButtonCallback                             text4        0025B
_putch                                          text9        00339
_putchar                                        text2        00305
_receiveSPICallback                             text3        00295
_receiveSerialCallback                          text1        00279
_serialRead                                     bssBANK0     0003F
_spi1_configuration                             stringtext1  00367
_vfpfcnvrt                                      text7        00046
_vfprintf                                       text6        00233
_width                                          bssBANK0     00032
btemp                                           (abs)        0007E
clear_ram0                                      clrtext      00333
debouncePushButton@count                        dataBANK0    0005E
end_of_initialization                           cinit        00042
fputc@c                                         cstackCOMMON 00073
fputc@fp                                        cstackCOMMON 00075
int$flags                                       (abs)        0007E
intlevel0                                       functab      00000
intlevel1                                       functab      00000
intlevel2                                       functab      00000
intlevel3                                       functab      00000
intlevel4                                       functab      00000
intlevel5                                       functab      00000
printf@ap                                       cstackBANK0  00053
printf@fmt                                      cstackBANK0  00050
putch@txData                                    cstackCOMMON 00072
putchar@c                                       cstackBANK0  00041
reset_vec                                       reset_vec    00000
start                                           init         00027
start_initialization                            cinit        00029
vfpfcnvrt@ap                                    cstackBANK0  00042
vfpfcnvrt@fmt                                   cstackBANK0  00041
vfpfcnvrt@fp                                    cstackCOMMON 0007B
vfprintf@ap                                     cstackBANK0  0004A
vfprintf@cfmt                                   cstackBANK0  0004E
vfprintf@fmt                                    cstackBANK0  00048
vfprintf@fp                                     cstackBANK0  0004D
wtemp0                                          (abs)        0007E


MODULE INFORMATION

Module		Function		Class		Link	Load	Size
/Applications/microchip/xc8/v2.32/pic/sources/c99/common/putchar.c
		_putchar       		CODE           	0305	0000	10

/Applications/microchip/xc8/v2.32/pic/sources/c99/common/putchar.c estimated size: 10

/Applications/microchip/xc8/v2.32/pic/sources/c99/common/nf_fputc.c
		_fputc         		CODE           	0111	0000	70

/Applications/microchip/xc8/v2.32/pic/sources/c99/common/nf_fputc.c estimated size: 70

mcc_generated_files/interrupt_manager.c
		_INTERRUPT_InterruptManager		CODE           	0004	0000	35

mcc_generated_files/interrupt_manager.c estimated size: 35

/Applications/microchip/xc8/v2.32/pic/sources/c99/common/doprnt.c
		_vfpfcnvrt     		CODE           	0046	0000	124
		_vfprintf      		CODE           	0233	0000	40

/Applications/microchip/xc8/v2.32/pic/sources/c99/common/doprnt.c estimated size: 164

mcc_generated_files/pin_manager.c
		_PIN_MANAGER_Initialize		CODE           	0157	0000	66
		_IOCCF2_SetInterruptHandler		CODE           	033F	0000	6
		_pushButtonCallback		CODE           	025B	0000	30
		_PIN_MANAGER_IOC		CODE           	0322	0000	9
		_IOCCF2_DefaultInterruptHandler		CODE           	037A	0000	3
		_IOCCF2_ISR    		CODE           	02F6	0000	15
		_debouncePushButton		CODE           	02AA	0000	21

mcc_generated_files/pin_manager.c estimated size: 150

mcc_generated_files/spi1.c
		_SPI1_WriteByte		CODE           	035D	0000	5
		_SPI1_Open     		CODE           	00C2	0000	79
		_SPI1_Initialize		CODE           	02BF	0000	21
		_receiveSPICallback		CODE           	0295	0000	21

mcc_generated_files/spi1.c estimated size: 126

shared
		__initialization		CODE           	0029	0000	25
		_spi1_configuration		STRCODE        	0367	0000	4

shared estimated size: 29

mcc_generated_files/eusart1.c
		_EUSART1_SetRxInterruptHandler		CODE           	0345	0000	6
		_EUSART1_Initialize		CODE           	0203	0000	48
		_putch         		CODE           	0339	0000	6
		_EUSART1_DefaultErrorHandler		CODE           	036F	0000	4
		_EUSART1_SetFramingErrorHandler		CODE           	0351	0000	6
		_EUSART1_SetOverrunErrorHandler		CODE           	034B	0000	6
		_EUSART1_RxCustomHandler		CODE           	032B	0000	8
		_EUSART1_SetErrorHandler		CODE           	0357	0000	6
		_EUSART1_Write 		CODE           	030F	0000	10
		_EUSART1_Receive_ISR		CODE           	0199	0000	57
		_EUSART1_RxDataHandler		CODE           	0373	0000	4
		_EUSART1_DefaultOverrunErrorHandler		CODE           	036B	0000	4
		_receiveSerialCallback		CODE           	0279	0000	28
		_EUSART1_DefaultFramingErrorHandler		CODE           	037F	0000	1

mcc_generated_files/eusart1.c estimated size: 194

mcc_generated_files/mcc.c
		_WDT_Initialize		CODE           	0377	0000	3
		_OSCILLATOR_Initialize		CODE           	0362	0000	5
		_SYSTEM_Initialize		CODE           	02E6	0000	16

mcc_generated_files/mcc.c estimated size: 24

/Applications/microchip/xc8/v2.32/pic/sources/c99/common/printf.c
		_printf        		CODE           	02D4	0000	18

/Applications/microchip/xc8/v2.32/pic/sources/c99/common/printf.c estimated size: 18

main.c
		_main          		CODE           	01D2	0000	49

main.c estimated size: 49

